,Time,User,Key/Agent,Message
0,2020-05-24 10:39:53,shukrithis-ubuntu,kernel,"' [110145.790242] SGI XFS with ACLs, security attributes, realtime, no debug enabled\n'"
1,2020-05-24 10:39:53,shukrithis-ubuntu,kernel,"' [110145.856387] JFS: nTxBlock = 8192, nTxLock = 65536\n'"
2,2020-05-24 10:39:53,shukrithis-ubuntu,kernel,' [110145.927231] ntfs: driver 2.1.32 [Flags: R/O MODULE].\n'
3,2020-05-24 10:39:53,shukrithis-ubuntu,kernel,' [110146.045952] QNX4 filesystem 0.2.3 registered.\n'
4,2020-05-24 10:39:53,shukrithis-ubuntu,kernel,' [110146.113634] wlp1s0: authenticate with 60:38:e0:6a:c9:ac\n'
5,2020-05-24 10:39:53,shukrithis-ubuntu,kernel,' [110146.116182] wlp1s0: send auth to 60:38:e0:6a:c9:ac (try 1/3)\n'
6,2020-05-24 10:39:53,shukrithis-ubuntu,kernel,' [110146.118143] wlp1s0: authenticated\n'
7,2020-05-24 10:39:53,shukrithis-ubuntu,kernel,' [110146.120909] wlp1s0: associate with 60:38:e0:6a:c9:ac (try 1/3)\n'
8,2020-05-24 10:39:53,shukrithis-ubuntu,kernel,' [110146.125245] wlp1s0: RX AssocResp from 60:38:e0:6a:c9:ac (capab=0x411 status=0 aid=1)\n'
9,2020-05-24 10:39:53,shukrithis-ubuntu,kernel,' [110146.128678] wlp1s0: associated\n'
10,2020-05-24 10:39:53,shukrithis-ubuntu,kernel,' [110146.141468] IPv6: ADDRCONF(NETDEV_CHANGE): wlp1s0: link becomes ready\n'
11,2020-05-24 10:39:53,shukrithis-ubuntu,kernel,' [110146.196851] raid6: avx2x4   gen()  5530 MB/s\n'
12,2020-05-24 10:39:53,shukrithis-ubuntu,kernel,' [110146.244822] raid6: avx2x4   xor() 13232 MB/s\n'
13,2020-05-24 10:39:53,shukrithis-ubuntu,kernel,' [110146.292823] raid6: avx2x2   gen() 24174 MB/s\n'
14,2020-05-24 10:39:53,shukrithis-ubuntu,kernel,' [110146.340820] raid6: avx2x2   xor() 15158 MB/s\n'
15,2020-05-24 10:39:53,shukrithis-ubuntu,kernel,' [110146.388819] raid6: avx2x1   gen() 20013 MB/s\n'
16,2020-05-24 10:39:53,shukrithis-ubuntu,kernel,' [110146.436818] raid6: avx2x1   xor() 14052 MB/s\n'
17,2020-05-24 10:39:53,shukrithis-ubuntu,kernel,' [110146.484821] raid6: sse2x4   gen() 11460 MB/s\n'
18,2020-05-24 10:39:53,shukrithis-ubuntu,kernel,' [110146.532817] raid6: sse2x4   xor()  7261 MB/s\n'
19,2020-05-24 10:39:53,shukrithis-ubuntu,kernel,' [110146.580815] raid6: sse2x2   gen()  9928 MB/s\n'
20,2020-05-24 10:39:54,shukrithis-ubuntu,kernel,' [110146.628819] raid6: sse2x2   xor()  6590 MB/s\n'
21,2020-05-24 10:39:54,shukrithis-ubuntu,kernel,' [110146.676812] raid6: sse2x1   gen()  8781 MB/s\n'
22,2020-05-24 10:39:54,shukrithis-ubuntu,kernel,' [110146.724815] raid6: sse2x1   xor()  5025 MB/s\n'
23,2020-05-24 10:39:54,shukrithis-ubuntu,kernel,' [110146.724816] raid6: using algorithm avx2x2 gen() 24174 MB/s\n'
24,2020-05-24 10:39:54,shukrithis-ubuntu,kernel,"' [110146.724816] raid6: .... xor() 15158 MB/s, rmw enabled\n'"
25,2020-05-24 10:39:54,shukrithis-ubuntu,kernel,' [110146.724817] raid6: using avx2x2 recovery algorithm\n'
26,2020-05-24 10:39:54,shukrithis-ubuntu,kernel,' [110146.791372] xor: automatically using best checksumming function   avx       \n'
27,2020-05-24 10:39:54,shukrithis-ubuntu,kernel,"' [110146.916760] Btrfs loaded, crc32c=crc32c-intel\n'"
28,2020-05-24 10:42:00,shukrithis-ubuntu,kernel,' [110273.452078] wlp1s0: deauthenticating from 60:38:e0:6a:c9:ac by local choice (Reason: 3=DEAUTH_LEAVING)\n'
29,2020-05-24 10:42:01,shukrithis-ubuntu,kernel,' [110273.657432] wlp1s0: authenticate with 60:38:e0:6a:c9:ae\n'
30,2020-05-24 10:42:01,shukrithis-ubuntu,kernel,' [110273.659956] wlp1s0: send auth to 60:38:e0:6a:c9:ae (try 1/3)\n'
31,2020-05-24 10:42:01,shukrithis-ubuntu,kernel,' [110273.660893] wlp1s0: authenticated\n'
32,2020-05-24 10:42:01,shukrithis-ubuntu,kernel,' [110273.661770] wlp1s0: associate with 60:38:e0:6a:c9:ae (try 1/3)\n'
33,2020-05-24 10:42:01,shukrithis-ubuntu,kernel,' [110273.662890] wlp1s0: RX AssocResp from 60:38:e0:6a:c9:ae (capab=0x411 status=0 aid=2)\n'
34,2020-05-24 10:42:01,shukrithis-ubuntu,kernel,' [110273.663478] wlp1s0: associated\n'
35,2020-05-24 10:42:01,shukrithis-ubuntu,kernel,' [110273.667204] IPv6: ADDRCONF(NETDEV_CHANGE): wlp1s0: link becomes ready\n'
36,2020-05-24 10:42:29,shukrithis-ubuntu,kernel,' [110302.461609] rfkill: input handler enabled\n'
37,2020-05-24 10:42:30,shukrithis-ubuntu,kernel,' [110303.588301] dbus-daemon[2322]: segfault at 0 ip 00007f58c02f7e53 sp 00007ffe631d2648 error 6 in libdbus-1.so.3.19.10[7f58c02d5000+2d000]\n'
38,2020-05-24 10:42:30,shukrithis-ubuntu,kernel,' [110303.588308] Code: 89 12 48 89 52 08 48 89 17 c3 0f 1f 44 00 00 48 89 d6 e9 80 fe ff ff 48 8b 46 08 48 39 f0 74 47 48 8b 16 48 89 42 08 48 8b 16 <48> 89 10 48 39 37 74 15 48 c7 46 08 00 00 00 00 48 c7 06 00 00 00\n'
39,2020-05-24 10:43:44,shukrithis-ubuntu,kernel,"' [    0.000000] microcode: microcode updated early to revision 0xd6, date = 2019-10-03\n'"
40,2020-05-24 10:43:44,shukrithis-ubuntu,kernel,' [    0.000000] Linux version 5.3.0-53-generic (buildd@lcy01-amd64-011) (gcc version 9.2.1 20191008 (Ubuntu 9.2.1-9ubuntu2)) #47-Ubuntu SMP Thu May 7 12:18:16 UTC 2020 (Ubuntu 5.3.0-53.47-generic 5.3.18)\n'
41,2020-05-24 10:43:44,shukrithis-ubuntu,kernel,' [    0.000000] Command line: BOOT_IMAGE=/boot/vmlinuz-5.3.0-53-generic root=UUID=4aae6737-643c-4523-9e3a-c680955a2760 ro\n'
42,2020-05-24 10:43:44,shukrithis-ubuntu,kernel,' [    0.000000] KERNEL supported cpus:\n'
43,2020-05-24 10:43:44,shukrithis-ubuntu,kernel,' [    0.000000]   Intel GenuineIntel\n'
44,2020-05-24 10:43:44,shukrithis-ubuntu,kernel,' [    0.000000]   AMD AuthenticAMD\n'
45,2020-05-24 10:43:44,shukrithis-ubuntu,kernel,' [    0.000000]   Hygon HygonGenuine\n'
46,2020-05-24 10:43:44,shukrithis-ubuntu,kernel,' [    0.000000]   Centaur CentaurHauls\n'
47,2020-05-24 10:43:44,shukrithis-ubuntu,kernel,' [    0.000000]   zhaoxin   Shanghai  \n'
48,2020-05-24 10:43:44,shukrithis-ubuntu,kernel,""" [    0.000000] x86/fpu: Supporting XSAVE feature 0x001: 'x87 floating point registers'\n"""
49,2020-05-24 10:43:44,shukrithis-ubuntu,kernel,""" [    0.000000] x86/fpu: Supporting XSAVE feature 0x002: 'SSE registers'\n"""
50,2020-05-24 10:43:44,shukrithis-ubuntu,kernel,""" [    0.000000] x86/fpu: Supporting XSAVE feature 0x004: 'AVX registers'\n"""
51,2020-05-24 10:43:44,shukrithis-ubuntu,kernel,""" [    0.000000] x86/fpu: Supporting XSAVE feature 0x008: 'MPX bounds registers'\n"""
52,2020-05-24 10:43:44,shukrithis-ubuntu,kernel,""" [    0.000000] x86/fpu: Supporting XSAVE feature 0x010: 'MPX CSR'\n"""
53,2020-05-24 10:43:44,shukrithis-ubuntu,kernel,"' [    0.000000] x86/fpu: xstate_offset[2]:  576, xstate_sizes[2]:  256\n'"
54,2020-05-24 10:43:44,shukrithis-ubuntu,kernel,"' [    0.000000] x86/fpu: xstate_offset[3]:  832, xstate_sizes[3]:   64\n'"
55,2020-05-24 10:43:44,shukrithis-ubuntu,kernel,"' [    0.000000] x86/fpu: xstate_offset[4]:  896, xstate_sizes[4]:   64\n'"
56,2020-05-24 10:43:44,shukrithis-ubuntu,kernel,""" [    0.000000] x86/fpu: Enabled xstate features 0x1f, context size is 960 bytes, using 'compacted' format.\n"""
57,2020-05-24 10:43:44,shukrithis-ubuntu,kernel,' [    0.000000] BIOS-provided physical RAM map:\n'
58,2020-05-24 10:43:44,shukrithis-ubuntu,kernel,' [    0.000000] BIOS-e820: [mem 0x0000000000000000-0x0000000000057fff] usable\n'
59,2020-05-24 10:43:44,shukrithis-ubuntu,kernel,' [    0.000000] BIOS-e820: [mem 0x0000000000058000-0x0000000000058fff] reserved\n'
60,2020-05-24 10:43:44,shukrithis-ubuntu,kernel,' [    0.000000] BIOS-e820: [mem 0x0000000000059000-0x000000000009cfff] usable\n'
61,2020-05-24 10:43:44,shukrithis-ubuntu,kernel,' [    0.000000] BIOS-e820: [mem 0x000000000009d000-0x000000000009ffff] reserved\n'
62,2020-05-24 10:43:44,shukrithis-ubuntu,kernel,' [    0.000000] BIOS-e820: [mem 0x0000000000100000-0x000000007a3d1fff] usable\n'
63,2020-05-24 10:43:44,shukrithis-ubuntu,kernel,' [    0.000000] BIOS-e820: [mem 0x000000007a3d2000-0x000000007a3d2fff] ACPI NVS\n'
64,2020-05-24 10:43:44,shukrithis-ubuntu,kernel,' [    0.000000] BIOS-e820: [mem 0x000000007a3d3000-0x000000007a3fcfff] reserved\n'
65,2020-05-24 10:43:44,shukrithis-ubuntu,kernel,' [    0.000000] BIOS-e820: [mem 0x000000007a3fd000-0x000000007a45efff] usable\n'
66,2020-05-24 10:43:44,shukrithis-ubuntu,kernel,' [    0.000000] BIOS-e820: [mem 0x000000007a45f000-0x000000007ac0efff] reserved\n'
67,2020-05-24 10:43:44,shukrithis-ubuntu,kernel,' [    0.000000] BIOS-e820: [mem 0x000000007ac0f000-0x0000000086c25fff] usable\n'
68,2020-05-24 10:43:44,shukrithis-ubuntu,kernel,' [    0.000000] BIOS-e820: [mem 0x0000000086c26000-0x000000008763dfff] reserved\n'
69,2020-05-24 10:43:44,shukrithis-ubuntu,kernel,' [    0.000000] BIOS-e820: [mem 0x000000008763e000-0x0000000087f98fff] ACPI NVS\n'
70,2020-05-24 10:43:44,shukrithis-ubuntu,kernel,' [    0.000000] BIOS-e820: [mem 0x0000000087f99000-0x0000000087ffdfff] ACPI data\n'
71,2020-05-24 10:43:44,shukrithis-ubuntu,kernel,' [    0.000000] BIOS-e820: [mem 0x0000000087ffe000-0x0000000087ffefff] usable\n'
72,2020-05-24 10:43:44,shukrithis-ubuntu,kernel,' [    0.000000] BIOS-e820: [mem 0x0000000088000000-0x00000000880fffff] reserved\n'
73,2020-05-24 10:43:44,shukrithis-ubuntu,kernel,' [    0.000000] BIOS-e820: [mem 0x00000000e0000000-0x00000000efffffff] reserved\n'
74,2020-05-24 10:43:44,shukrithis-ubuntu,kernel,' [    0.000000] BIOS-e820: [mem 0x00000000fe000000-0x00000000fe010fff] reserved\n'
75,2020-05-24 10:43:44,shukrithis-ubuntu,kernel,' [    0.000000] BIOS-e820: [mem 0x00000000fec00000-0x00000000fec00fff] reserved\n'
76,2020-05-24 10:43:44,shukrithis-ubuntu,kernel,' [    0.000000] BIOS-e820: [mem 0x00000000fee00000-0x00000000fee00fff] reserved\n'
77,2020-05-24 10:43:44,shukrithis-ubuntu,kernel,' [    0.000000] BIOS-e820: [mem 0x00000000ff000000-0x00000000ffffffff] reserved\n'
78,2020-05-24 10:43:44,shukrithis-ubuntu,kernel,' [    0.000000] BIOS-e820: [mem 0x0000000100000000-0x0000000272ffffff] usable\n'
79,2020-05-24 10:43:44,shukrithis-ubuntu,kernel,' [    0.000000] NX (Execute Disable) protection: active\n'
80,2020-05-24 10:43:44,shukrithis-ubuntu,kernel,' [    0.000000] e820: update [mem 0x7825e018-0x7826e057] usable ==> usable\n'
81,2020-05-24 10:43:44,shukrithis-ubuntu,kernel,' [    0.000000] e820: update [mem 0x7825e018-0x7826e057] usable ==> usable\n'
82,2020-05-24 10:43:44,shukrithis-ubuntu,kernel,' [    0.000000] e820: update [mem 0x78251018-0x7825d857] usable ==> usable\n'
83,2020-05-24 10:43:44,shukrithis-ubuntu,kernel,' [    0.000000] e820: update [mem 0x78251018-0x7825d857] usable ==> usable\n'
84,2020-05-24 10:43:44,shukrithis-ubuntu,kernel,' [    0.000000] extended physical RAM map:\n'
85,2020-05-24 10:43:44,shukrithis-ubuntu,kernel,' [    0.000000] reserve setup_data: [mem 0x0000000000000000-0x0000000000057fff] usable\n'
86,2020-05-24 10:43:44,shukrithis-ubuntu,kernel,' [    0.000000] reserve setup_data: [mem 0x0000000000058000-0x0000000000058fff] reserved\n'
87,2020-05-24 10:43:44,shukrithis-ubuntu,kernel,' [    0.000000] reserve setup_data: [mem 0x0000000000059000-0x000000000009cfff] usable\n'
88,2020-05-24 10:43:44,shukrithis-ubuntu,kernel,' [    0.000000] reserve setup_data: [mem 0x000000000009d000-0x000000000009ffff] reserved\n'
89,2020-05-24 10:43:44,shukrithis-ubuntu,kernel,' [    0.000000] reserve setup_data: [mem 0x0000000000100000-0x0000000078251017] usable\n'
90,2020-05-24 10:43:44,shukrithis-ubuntu,kernel,' [    0.000000] reserve setup_data: [mem 0x0000000078251018-0x000000007825d857] usable\n'
91,2020-05-24 10:43:44,shukrithis-ubuntu,kernel,' [    0.000000] reserve setup_data: [mem 0x000000007825d858-0x000000007825e017] usable\n'
92,2020-05-24 10:43:44,shukrithis-ubuntu,kernel,' [    0.000000] reserve setup_data: [mem 0x000000007825e018-0x000000007826e057] usable\n'
93,2020-05-24 10:43:44,shukrithis-ubuntu,kernel,' [    0.000000] reserve setup_data: [mem 0x000000007826e058-0x000000007a3d1fff] usable\n'
94,2020-05-24 10:43:44,shukrithis-ubuntu,kernel,' [    0.000000] reserve setup_data: [mem 0x000000007a3d2000-0x000000007a3d2fff] ACPI NVS\n'
95,2020-05-24 10:43:44,shukrithis-ubuntu,kernel,' [    0.000000] reserve setup_data: [mem 0x000000007a3d3000-0x000000007a3fcfff] reserved\n'
96,2020-05-24 10:43:44,shukrithis-ubuntu,kernel,' [    0.000000] reserve setup_data: [mem 0x000000007a3fd000-0x000000007a45efff] usable\n'
97,2020-05-24 10:43:44,shukrithis-ubuntu,kernel,' [    0.000000] reserve setup_data: [mem 0x000000007a45f000-0x000000007ac0efff] reserved\n'
98,2020-05-24 10:43:44,shukrithis-ubuntu,kernel,' [    0.000000] reserve setup_data: [mem 0x000000007ac0f000-0x0000000086c25fff] usable\n'
99,2020-05-24 10:43:44,shukrithis-ubuntu,kernel,' [    0.000000] reserve setup_data: [mem 0x0000000086c26000-0x000000008763dfff] reserved\n'
100,2020-05-24 10:43:44,shukrithis-ubuntu,kernel,' [    0.000000] reserve setup_data: [mem 0x000000008763e000-0x0000000087f98fff] ACPI NVS\n'
101,2020-05-24 10:43:44,shukrithis-ubuntu,kernel,' [    0.000000] reserve setup_data: [mem 0x0000000087f99000-0x0000000087ffdfff] ACPI data\n'
102,2020-05-24 10:43:44,shukrithis-ubuntu,kernel,' [    0.000000] reserve setup_data: [mem 0x0000000087ffe000-0x0000000087ffefff] usable\n'
103,2020-05-24 10:43:44,shukrithis-ubuntu,kernel,' [    0.000000] reserve setup_data: [mem 0x0000000088000000-0x00000000880fffff] reserved\n'
104,2020-05-24 10:43:44,shukrithis-ubuntu,kernel,' [    0.000000] reserve setup_data: [mem 0x00000000e0000000-0x00000000efffffff] reserved\n'
105,2020-05-24 10:43:44,shukrithis-ubuntu,kernel,' [    0.000000] reserve setup_data: [mem 0x00000000fe000000-0x00000000fe010fff] reserved\n'
106,2020-05-24 10:43:44,shukrithis-ubuntu,kernel,' [    0.000000] reserve setup_data: [mem 0x00000000fec00000-0x00000000fec00fff] reserved\n'
107,2020-05-24 10:43:44,shukrithis-ubuntu,kernel,' [    0.000000] reserve setup_data: [mem 0x00000000fee00000-0x00000000fee00fff] reserved\n'
108,2020-05-24 10:43:44,shukrithis-ubuntu,kernel,' [    0.000000] reserve setup_data: [mem 0x00000000ff000000-0x00000000ffffffff] reserved\n'
109,2020-05-24 10:43:44,shukrithis-ubuntu,kernel,' [    0.000000] reserve setup_data: [mem 0x0000000100000000-0x0000000272ffffff] usable\n'
110,2020-05-24 10:43:44,shukrithis-ubuntu,kernel,' [    0.000000] efi: EFI v2.40 by American Megatrends\n'
111,2020-05-24 10:43:44,shukrithis-ubuntu,kernel,' [    0.000000] efi:  ACPI=0x87fd6000  ACPI 2.0=0x87fd6000  SMBIOS=0xf0000  ESRT=0x86ffd598  TPMEventLog=0x7826f018 \n'
112,2020-05-24 10:43:44,shukrithis-ubuntu,kernel,' [    0.000000] secureboot: Secure boot disabled\n'
113,2020-05-24 10:43:44,shukrithis-ubuntu,kernel,' [    0.000000] SMBIOS 2.8 present.\n'
114,2020-05-24 10:43:44,shukrithis-ubuntu,kernel,"' [    0.000000] DMI: Dell Inc. Inspiron 5559/06CMH7, BIOS 1.7.0 05/10/2019\n'"
115,2020-05-24 10:43:44,shukrithis-ubuntu,kernel,' [    0.000000] tsc: Detected 2400.000 MHz processor\n'
116,2020-05-24 10:43:44,shukrithis-ubuntu,kernel,' [    0.001528] e820: update [mem 0x00000000-0x00000fff] usable ==> reserved\n'
117,2020-05-24 10:43:44,shukrithis-ubuntu,kernel,' [    0.001529] e820: remove [mem 0x000a0000-0x000fffff] usable\n'
118,2020-05-24 10:43:44,shukrithis-ubuntu,kernel,' [    0.001535] last_pfn = 0x273000 max_arch_pfn = 0x400000000\n'
119,2020-05-24 10:43:44,shukrithis-ubuntu,kernel,' [    0.001544] MTRR default type: write-back\n'
120,2020-05-24 10:43:44,shukrithis-ubuntu,kernel,' [    0.001545] MTRR fixed ranges enabled:\n'
121,2020-05-24 10:43:44,shukrithis-ubuntu,kernel,' [    0.001546]   00000-9FFFF write-back\n'
122,2020-05-24 10:43:44,shukrithis-ubuntu,kernel,' [    0.001546]   A0000-BFFFF uncachable\n'
123,2020-05-24 10:43:44,shukrithis-ubuntu,kernel,' [    0.001547]   C0000-FFFFF write-protect\n'
124,2020-05-24 10:43:44,shukrithis-ubuntu,kernel,' [    0.001548] MTRR variable ranges enabled:\n'
125,2020-05-24 10:43:44,shukrithis-ubuntu,kernel,' [    0.001549]   0 base 00C0000000 mask 7FC0000000 uncachable\n'
126,2020-05-24 10:43:44,shukrithis-ubuntu,kernel,' [    0.001550]   1 base 00A0000000 mask 7FE0000000 uncachable\n'
127,2020-05-24 10:43:44,shukrithis-ubuntu,kernel,' [    0.001551]   2 base 0090000000 mask 7FF0000000 uncachable\n'
128,2020-05-24 10:43:44,shukrithis-ubuntu,kernel,' [    0.001551]   3 base 008C000000 mask 7FFC000000 uncachable\n'
129,2020-05-24 10:43:44,shukrithis-ubuntu,kernel,' [    0.001552]   4 base 008A000000 mask 7FFE000000 uncachable\n'
130,2020-05-24 10:43:44,shukrithis-ubuntu,kernel,' [    0.001552]   5 base 0089800000 mask 7FFF800000 uncachable\n'
131,2020-05-24 10:43:44,shukrithis-ubuntu,kernel,' [    0.001553]   6 disabled\n'
132,2020-05-24 10:43:44,shukrithis-ubuntu,kernel,' [    0.001553]   7 disabled\n'
133,2020-05-24 10:43:44,shukrithis-ubuntu,kernel,' [    0.001554]   8 disabled\n'
134,2020-05-24 10:43:44,shukrithis-ubuntu,kernel,' [    0.001554]   9 disabled\n'
135,2020-05-24 10:43:44,shukrithis-ubuntu,kernel,' [    0.002031] x86/PAT: Configuration [0-7]: WB  WC  UC- UC  WB  WP  UC- WT  \n'
136,2020-05-24 10:43:44,shukrithis-ubuntu,kernel,' [    0.002627] last_pfn = 0x87fff max_arch_pfn = 0x400000000\n'
137,2020-05-24 10:43:44,shukrithis-ubuntu,kernel,' [    0.010012] esrt: Reserving ESRT space from 0x0000000086ffd598 to 0x0000000086ffd5d0.\n'
138,2020-05-24 10:43:44,shukrithis-ubuntu,kernel,' [    0.010018] check: Scanning 1 areas for low memory corruption\n'
139,2020-05-24 10:43:44,shukrithis-ubuntu,kernel,' [    0.010022] Using GB pages for direct mapping\n'
140,2020-05-24 10:43:44,shukrithis-ubuntu,kernel,"' [    0.010024] BRK [0x105601000, 0x105601fff] PGTABLE\n'"
141,2020-05-24 10:43:44,shukrithis-ubuntu,kernel,"' [    0.010025] BRK [0x105602000, 0x105602fff] PGTABLE\n'"
142,2020-05-24 10:43:44,shukrithis-ubuntu,kernel,"' [    0.010026] BRK [0x105603000, 0x105603fff] PGTABLE\n'"
143,2020-05-24 10:43:44,shukrithis-ubuntu,kernel,"' [    0.010079] BRK [0x105604000, 0x105604fff] PGTABLE\n'"
144,2020-05-24 10:43:44,shukrithis-ubuntu,kernel,"' [    0.010080] BRK [0x105605000, 0x105605fff] PGTABLE\n'"
145,2020-05-24 10:43:44,shukrithis-ubuntu,kernel,"' [    0.010285] BRK [0x105606000, 0x105606fff] PGTABLE\n'"
146,2020-05-24 10:43:44,shukrithis-ubuntu,kernel,"' [    0.010331] BRK [0x105607000, 0x105607fff] PGTABLE\n'"
147,2020-05-24 10:43:44,shukrithis-ubuntu,kernel,"' [    0.010378] BRK [0x105608000, 0x105608fff] PGTABLE\n'"
148,2020-05-24 10:43:44,shukrithis-ubuntu,kernel,"' [    0.010449] BRK [0x105609000, 0x105609fff] PGTABLE\n'"
149,2020-05-24 10:43:44,shukrithis-ubuntu,kernel,"' [    0.010490] BRK [0x10560a000, 0x10560afff] PGTABLE\n'"
150,2020-05-24 10:43:44,shukrithis-ubuntu,kernel,"' [    0.010563] BRK [0x10560b000, 0x10560bfff] PGTABLE\n'"
151,2020-05-24 10:43:44,shukrithis-ubuntu,kernel,"' [    0.010670] BRK [0x10560c000, 0x10560cfff] PGTABLE\n'"
152,2020-05-24 10:43:44,shukrithis-ubuntu,kernel,' [    0.010783] RAMDISK: [mem 0x3d251000-0x3fffdfff]\n'
153,2020-05-24 10:43:44,shukrithis-ubuntu,kernel,' [    0.010792] ACPI: Early table checksum verification disabled\n'
154,2020-05-24 10:43:44,shukrithis-ubuntu,kernel,' [    0.010794] ACPI: RSDP 0x0000000087FD6000 000024 (v02 DELL  )\n'
155,2020-05-24 10:43:44,shukrithis-ubuntu,kernel,' [    0.010798] ACPI: XSDT 0x0000000087FD60B0 0000E4 (v01 DELL   CBX3     01072009 AMI  00010013)\n'
156,2020-05-24 10:43:44,shukrithis-ubuntu,kernel,' [    0.010803] ACPI: FACP 0x0000000087FF3C78 00010C (v05 DELL   CBX3     01072009 AMI  00010013)\n'
157,2020-05-24 10:43:44,shukrithis-ubuntu,kernel,' [    0.010807] ACPI: DSDT 0x0000000087FD6228 01DA4C (v02 DELL   CBX3     01072009 INTL 20120913)\n'
158,2020-05-24 10:43:44,shukrithis-ubuntu,kernel,' [    0.010810] ACPI: FACS 0x0000000087F97F80 000040\n'
159,2020-05-24 10:43:44,shukrithis-ubuntu,kernel,' [    0.010812] ACPI: APIC 0x0000000087FF3D88 000084 (v03 DELL   CBX3     01072009 AMI  00010013)\n'
160,2020-05-24 10:43:44,shukrithis-ubuntu,kernel,' [    0.010815] ACPI: FPDT 0x0000000087FF3E10 000044 (v01 DELL   CBX3     01072009 AMI  00010013)\n'
161,2020-05-24 10:43:44,shukrithis-ubuntu,kernel,' [    0.010817] ACPI: FIDT 0x0000000087FF3E58 00009C (v01 DELL   CBX3     01072009 AMI  00010013)\n'
162,2020-05-24 10:43:44,shukrithis-ubuntu,kernel,' [    0.010820] ACPI: MCFG 0x0000000087FF3EF8 00003C (v01 DELL   CBX3     01072009 MSFT 00000097)\n'
163,2020-05-24 10:43:44,shukrithis-ubuntu,kernel,' [    0.010822] ACPI: HPET 0x0000000087FF3F38 000038 (v01 DELL   CBX3     01072009 AMI. 0005000B)\n'
164,2020-05-24 10:43:44,shukrithis-ubuntu,kernel,' [    0.010825] ACPI: SSDT 0x0000000087FF3F70 000315 (v01 SataRe SataTabl 00001000 INTL 20120913)\n'
165,2020-05-24 10:43:44,shukrithis-ubuntu,kernel,' [    0.010827] ACPI: LPIT 0x0000000087FF4288 000094 (v01 INTEL  SKL-ULT  00000000 MSFT 0000005F)\n'
166,2020-05-24 10:43:44,shukrithis-ubuntu,kernel,' [    0.010830] ACPI: SSDT 0x0000000087FF4320 000248 (v02 INTEL  sensrhub 00000000 INTL 20120913)\n'
167,2020-05-24 10:43:44,shukrithis-ubuntu,kernel,' [    0.010832] ACPI: SSDT 0x0000000087FF4568 002BAE (v02 INTEL  PtidDevc 00001000 INTL 20120913)\n'
168,2020-05-24 10:43:44,shukrithis-ubuntu,kernel,' [    0.010835] ACPI: SSDT 0x0000000087FF7118 000C45 (v02 INTEL  Ther_Rvp 00001000 INTL 20120913)\n'
169,2020-05-24 10:43:44,shukrithis-ubuntu,kernel,' [    0.010837] ACPI: DBGP 0x0000000087FF7D60 000034 (v01 INTEL           00000000 MSFT 0000005F)\n'
170,2020-05-24 10:43:44,shukrithis-ubuntu,kernel,' [    0.010840] ACPI: DBG2 0x0000000087FF7D98 000054 (v00 INTEL           00000000 MSFT 0000005F)\n'
171,2020-05-24 10:43:44,shukrithis-ubuntu,kernel,' [    0.010842] ACPI: SSDT 0x0000000087FF7DF0 000740 (v02 INTEL  xh_rvp07 00000000 INTL 20120913)\n'
172,2020-05-24 10:43:44,shukrithis-ubuntu,kernel,' [    0.010845] ACPI: BOOT 0x0000000087FF8530 000028 (v01 DELL   CBX3     01072009 AMI  00010013)\n'
173,2020-05-24 10:43:44,shukrithis-ubuntu,kernel,' [    0.010847] ACPI: SSDT 0x0000000087FF8558 003531 (v02 SaSsdt SaSsdt   00003000 INTL 20120913)\n'
174,2020-05-24 10:43:44,shukrithis-ubuntu,kernel,' [    0.010850] ACPI: UEFI 0x0000000087FFBA90 000042 (v01                 00000000      00000000)\n'
175,2020-05-24 10:43:44,shukrithis-ubuntu,kernel,' [    0.010852] ACPI: SSDT 0x0000000087FFBAD8 000E58 (v02 CpuRef CpuSsdt  00003000 INTL 20120913)\n'
176,2020-05-24 10:43:44,shukrithis-ubuntu,kernel,' [    0.010855] ACPI: MSDM 0x0000000087FFC930 000055 (v03 DELL   CBX3     06222004 AMI  00010013)\n'
177,2020-05-24 10:43:44,shukrithis-ubuntu,kernel,' [    0.010857] ACPI: SLIC 0x0000000087FFC988 000176 (v03 DELL   CBX3     01072009 MSFT 00010013)\n'
178,2020-05-24 10:43:44,shukrithis-ubuntu,kernel,' [    0.010860] ACPI: BGRT 0x0000000087FFCB00 000038 (v00                 01072009 AMI  00010013)\n'
179,2020-05-24 10:43:44,shukrithis-ubuntu,kernel,' [    0.010862] ACPI: DMAR 0x0000000087FFCB38 0000F0 (v01 INTEL  SKL      00000001 INTL 00000001)\n'
180,2020-05-24 10:43:44,shukrithis-ubuntu,kernel,' [    0.010865] ACPI: TPM2 0x0000000087FFCC28 000034 (v03        Tpm2Tabl 00000001 AMI  00000000)\n'
181,2020-05-24 10:43:44,shukrithis-ubuntu,kernel,' [    0.010867] ACPI: ASF! 0x0000000087FFCC60 0000A5 (v32 INTEL   HCG     00000001 TFSM 000F4240)\n'
182,2020-05-24 10:43:44,shukrithis-ubuntu,kernel,' [    0.010875] ACPI: Local APIC address 0xfee00000\n'
183,2020-05-24 10:43:44,shukrithis-ubuntu,kernel,' [    0.011048] No NUMA configuration found\n'
184,2020-05-24 10:43:44,shukrithis-ubuntu,kernel,' [    0.011049] Faking a node at [mem 0x0000000000000000-0x0000000272ffffff]\n'
185,2020-05-24 10:43:44,shukrithis-ubuntu,kernel,' [    0.011059] NODE_DATA(0) allocated [mem 0x272fd5000-0x272ffffff]\n'
186,2020-05-24 10:43:44,shukrithis-ubuntu,kernel,' [    0.011235] Zone ranges:\n'
187,2020-05-24 10:43:44,shukrithis-ubuntu,kernel,' [    0.011236]   DMA      [mem 0x0000000000001000-0x0000000000ffffff]\n'
188,2020-05-24 10:43:44,shukrithis-ubuntu,kernel,' [    0.011237]   DMA32    [mem 0x0000000001000000-0x00000000ffffffff]\n'
189,2020-05-24 10:43:44,shukrithis-ubuntu,kernel,' [    0.011238]   Normal   [mem 0x0000000100000000-0x0000000272ffffff]\n'
190,2020-05-24 10:43:44,shukrithis-ubuntu,kernel,' [    0.011239]   Device   empty\n'
191,2020-05-24 10:43:44,shukrithis-ubuntu,kernel,' [    0.011240] Movable zone start for each node\n'
192,2020-05-24 10:43:44,shukrithis-ubuntu,kernel,' [    0.011243] Early memory node ranges\n'
193,2020-05-24 10:43:44,shukrithis-ubuntu,kernel,' [    0.011244]   node   0: [mem 0x0000000000001000-0x0000000000057fff]\n'
194,2020-05-24 10:43:44,shukrithis-ubuntu,kernel,' [    0.011245]   node   0: [mem 0x0000000000059000-0x000000000009cfff]\n'
195,2020-05-24 10:43:44,shukrithis-ubuntu,kernel,' [    0.011246]   node   0: [mem 0x0000000000100000-0x000000007a3d1fff]\n'
196,2020-05-24 10:43:44,shukrithis-ubuntu,kernel,' [    0.011247]   node   0: [mem 0x000000007a3fd000-0x000000007a45efff]\n'
197,2020-05-24 10:43:44,shukrithis-ubuntu,kernel,' [    0.011248]   node   0: [mem 0x000000007ac0f000-0x0000000086c25fff]\n'
198,2020-05-24 10:43:44,shukrithis-ubuntu,kernel,' [    0.011249]   node   0: [mem 0x0000000087ffe000-0x0000000087ffefff]\n'
199,2020-05-24 10:43:44,shukrithis-ubuntu,kernel,' [    0.011249]   node   0: [mem 0x0000000100000000-0x0000000272ffffff]\n'
200,2020-05-24 10:43:44,shukrithis-ubuntu,kernel,' [    0.011468] Zeroed struct page in unavailable ranges: 27673 pages\n'
201,2020-05-24 10:43:44,shukrithis-ubuntu,kernel,' [    0.011469] Initmem setup node 0 [mem 0x0000000000001000-0x0000000272ffffff]\n'
202,2020-05-24 10:43:44,shukrithis-ubuntu,kernel,' [    0.011471] On node 0 totalpages: 2069479\n'
203,2020-05-24 10:43:44,shukrithis-ubuntu,kernel,' [    0.011472]   DMA zone: 64 pages used for memmap\n'
204,2020-05-24 10:43:44,shukrithis-ubuntu,kernel,' [    0.011472]   DMA zone: 21 pages reserved\n'
205,2020-05-24 10:43:44,shukrithis-ubuntu,kernel,"' [    0.011473]   DMA zone: 3995 pages, LIFO batch:0\n'"
206,2020-05-24 10:43:44,shukrithis-ubuntu,kernel,' [    0.011517]   DMA32 zone: 8530 pages used for memmap\n'
207,2020-05-24 10:43:44,shukrithis-ubuntu,kernel,"' [    0.011518]   DMA32 zone: 545868 pages, LIFO batch:63\n'"
208,2020-05-24 10:43:44,shukrithis-ubuntu,kernel,' [    0.019368]   Normal zone: 23744 pages used for memmap\n'
209,2020-05-24 10:43:44,shukrithis-ubuntu,kernel,"' [    0.019368]   Normal zone: 1519616 pages, LIFO batch:63\n'"
210,2020-05-24 10:43:44,shukrithis-ubuntu,kernel,' [    0.034536] Reserving Intel graphics memory at [mem 0x8a000000-0x8bffffff]\n'
211,2020-05-24 10:43:44,shukrithis-ubuntu,kernel,' [    0.034925] ACPI: PM-Timer IO Port: 0x1808\n'
212,2020-05-24 10:43:44,shukrithis-ubuntu,kernel,' [    0.034927] ACPI: Local APIC address 0xfee00000\n'
213,2020-05-24 10:43:44,shukrithis-ubuntu,kernel,' [    0.034932] ACPI: LAPIC_NMI (acpi_id[0x01] high edge lint[0x1])\n'
214,2020-05-24 10:43:44,shukrithis-ubuntu,kernel,' [    0.034932] ACPI: LAPIC_NMI (acpi_id[0x02] high edge lint[0x1])\n'
215,2020-05-24 10:43:44,shukrithis-ubuntu,kernel,' [    0.034933] ACPI: LAPIC_NMI (acpi_id[0x03] high edge lint[0x1])\n'
216,2020-05-24 10:43:44,shukrithis-ubuntu,kernel,' [    0.034934] ACPI: LAPIC_NMI (acpi_id[0x04] high edge lint[0x1])\n'
217,2020-05-24 10:43:44,shukrithis-ubuntu,kernel,"' [    0.034960] IOAPIC[0]: apic_id 2, version 32, address 0xfec00000, GSI 0-119\n'"
218,2020-05-24 10:43:44,shukrithis-ubuntu,kernel,' [    0.034962] ACPI: INT_SRC_OVR (bus 0 bus_irq 0 global_irq 2 dfl dfl)\n'
219,2020-05-24 10:43:44,shukrithis-ubuntu,kernel,' [    0.034964] ACPI: INT_SRC_OVR (bus 0 bus_irq 9 global_irq 9 high level)\n'
220,2020-05-24 10:43:44,shukrithis-ubuntu,kernel,' [    0.034965] ACPI: IRQ0 used by override.\n'
221,2020-05-24 10:43:44,shukrithis-ubuntu,kernel,' [    0.034966] ACPI: IRQ9 used by override.\n'
222,2020-05-24 10:43:44,shukrithis-ubuntu,kernel,' [    0.034967] Using ACPI (MADT) for SMP configuration information\n'
223,2020-05-24 10:43:44,shukrithis-ubuntu,kernel,' [    0.034968] ACPI: HPET id: 0x8086a701 base: 0xfed00000\n'
224,2020-05-24 10:43:44,shukrithis-ubuntu,kernel,' [    0.034974] e820: update [mem 0x852a9000-0x852edfff] usable ==> reserved\n'
225,2020-05-24 10:43:44,shukrithis-ubuntu,kernel,"' [    0.034982] smpboot: Allowing 4 CPUs, 0 hotplug CPUs\n'"
226,2020-05-24 10:43:44,shukrithis-ubuntu,kernel,' [    0.034999] PM: Registered nosave memory: [mem 0x00000000-0x00000fff]\n'
227,2020-05-24 10:43:44,shukrithis-ubuntu,kernel,' [    0.035000] PM: Registered nosave memory: [mem 0x00058000-0x00058fff]\n'
228,2020-05-24 10:43:44,shukrithis-ubuntu,kernel,' [    0.035002] PM: Registered nosave memory: [mem 0x0009d000-0x0009ffff]\n'
229,2020-05-24 10:43:44,shukrithis-ubuntu,kernel,' [    0.035003] PM: Registered nosave memory: [mem 0x000a0000-0x000fffff]\n'
230,2020-05-24 10:43:44,shukrithis-ubuntu,kernel,' [    0.035004] PM: Registered nosave memory: [mem 0x78251000-0x78251fff]\n'
231,2020-05-24 10:43:44,shukrithis-ubuntu,kernel,' [    0.035006] PM: Registered nosave memory: [mem 0x7825d000-0x7825dfff]\n'
232,2020-05-24 10:43:44,shukrithis-ubuntu,kernel,' [    0.035006] PM: Registered nosave memory: [mem 0x7825e000-0x7825efff]\n'
233,2020-05-24 10:43:44,shukrithis-ubuntu,kernel,' [    0.035008] PM: Registered nosave memory: [mem 0x7826e000-0x7826efff]\n'
234,2020-05-24 10:43:44,shukrithis-ubuntu,kernel,' [    0.035009] PM: Registered nosave memory: [mem 0x7a3d2000-0x7a3d2fff]\n'
235,2020-05-24 10:43:44,shukrithis-ubuntu,kernel,' [    0.035010] PM: Registered nosave memory: [mem 0x7a3d3000-0x7a3fcfff]\n'
236,2020-05-24 10:43:44,shukrithis-ubuntu,kernel,' [    0.035012] PM: Registered nosave memory: [mem 0x7a45f000-0x7ac0efff]\n'
237,2020-05-24 10:43:44,shukrithis-ubuntu,kernel,' [    0.035013] PM: Registered nosave memory: [mem 0x852a9000-0x852edfff]\n'
238,2020-05-24 10:43:44,shukrithis-ubuntu,kernel,' [    0.035015] PM: Registered nosave memory: [mem 0x86c26000-0x8763dfff]\n'
239,2020-05-24 10:43:44,shukrithis-ubuntu,kernel,' [    0.035016] PM: Registered nosave memory: [mem 0x8763e000-0x87f98fff]\n'
240,2020-05-24 10:43:44,shukrithis-ubuntu,kernel,' [    0.035016] PM: Registered nosave memory: [mem 0x87f99000-0x87ffdfff]\n'
241,2020-05-24 10:43:44,shukrithis-ubuntu,kernel,' [    0.035018] PM: Registered nosave memory: [mem 0x87fff000-0x87ffffff]\n'
242,2020-05-24 10:43:44,shukrithis-ubuntu,kernel,' [    0.035018] PM: Registered nosave memory: [mem 0x88000000-0x880fffff]\n'
243,2020-05-24 10:43:44,shukrithis-ubuntu,kernel,' [    0.035019] PM: Registered nosave memory: [mem 0x88100000-0x89ffffff]\n'
244,2020-05-24 10:43:44,shukrithis-ubuntu,kernel,' [    0.035020] PM: Registered nosave memory: [mem 0x8a000000-0x8bffffff]\n'
245,2020-05-24 10:43:44,shukrithis-ubuntu,kernel,' [    0.035021] PM: Registered nosave memory: [mem 0x8c000000-0xdfffffff]\n'
246,2020-05-24 10:43:44,shukrithis-ubuntu,kernel,' [    0.035021] PM: Registered nosave memory: [mem 0xe0000000-0xefffffff]\n'
247,2020-05-24 10:43:44,shukrithis-ubuntu,kernel,' [    0.035022] PM: Registered nosave memory: [mem 0xf0000000-0xfdffffff]\n'
248,2020-05-24 10:43:44,shukrithis-ubuntu,kernel,' [    0.035023] PM: Registered nosave memory: [mem 0xfe000000-0xfe010fff]\n'
249,2020-05-24 10:43:44,shukrithis-ubuntu,kernel,' [    0.035023] PM: Registered nosave memory: [mem 0xfe011000-0xfebfffff]\n'
250,2020-05-24 10:43:44,shukrithis-ubuntu,kernel,' [    0.035024] PM: Registered nosave memory: [mem 0xfec00000-0xfec00fff]\n'
251,2020-05-24 10:43:44,shukrithis-ubuntu,kernel,' [    0.035025] PM: Registered nosave memory: [mem 0xfec01000-0xfedfffff]\n'
252,2020-05-24 10:43:44,shukrithis-ubuntu,kernel,' [    0.035025] PM: Registered nosave memory: [mem 0xfee00000-0xfee00fff]\n'
253,2020-05-24 10:43:44,shukrithis-ubuntu,kernel,' [    0.035026] PM: Registered nosave memory: [mem 0xfee01000-0xfeffffff]\n'
254,2020-05-24 10:43:44,shukrithis-ubuntu,kernel,' [    0.035027] PM: Registered nosave memory: [mem 0xff000000-0xffffffff]\n'
255,2020-05-24 10:43:44,shukrithis-ubuntu,kernel,' [    0.035028] [mem 0x8c000000-0xdfffffff] available for PCI devices\n'
256,2020-05-24 10:43:44,shukrithis-ubuntu,kernel,' [    0.035029] Booting paravirtualized kernel on bare hardware\n'
257,2020-05-24 10:43:44,shukrithis-ubuntu,kernel,"' [    0.035032] clocksource: refined-jiffies: mask: 0xffffffff max_cycles: 0xffffffff, max_idle_ns: 7645519600211568 ns\n'"
258,2020-05-24 10:43:44,shukrithis-ubuntu,kernel,' [    0.035037] setup_percpu: NR_CPUS:8192 nr_cpumask_bits:4 nr_cpu_ids:4 nr_node_ids:1\n'
259,2020-05-24 10:43:44,shukrithis-ubuntu,kernel,' [    0.035161] percpu: Embedded 54 pages/cpu s184320 r8192 d28672 u524288\n'
260,2020-05-24 10:43:44,shukrithis-ubuntu,kernel,' [    0.035168] pcpu-alloc: s184320 r8192 d28672 u524288 alloc=1*2097152\n'
261,2020-05-24 10:43:44,shukrithis-ubuntu,kernel,' [    0.035169] pcpu-alloc: [0] 0 1 2 3 \n'
262,2020-05-24 10:43:44,shukrithis-ubuntu,kernel,"' [    0.035192] Built 1 zonelists, mobility grouping on.  Total pages: 2037120\n'"
263,2020-05-24 10:43:44,shukrithis-ubuntu,kernel,' [    0.035193] Policy zone: Normal\n'
264,2020-05-24 10:43:44,shukrithis-ubuntu,kernel,' [    0.035195] Kernel command line: BOOT_IMAGE=/boot/vmlinuz-5.3.0-53-generic root=UUID=4aae6737-643c-4523-9e3a-c680955a2760 ro\n'
265,2020-05-24 10:43:44,shukrithis-ubuntu,kernel,"' [    0.035584] Dentry cache hash table entries: 1048576 (order: 11, 8388608 bytes, linear)\n'"
266,2020-05-24 10:43:44,shukrithis-ubuntu,kernel,"' [    0.035763] Inode-cache hash table entries: 524288 (order: 10, 4194304 bytes, linear)\n'"
267,2020-05-24 10:43:44,shukrithis-ubuntu,kernel,"' [    0.035806] mem auto-init: stack:off, heap alloc:on, heap free:off\n'"
268,2020-05-24 10:43:44,shukrithis-ubuntu,kernel,' [    0.038712] Calgary: detecting Calgary via BIOS EBDA area\n'
269,2020-05-24 10:43:44,shukrithis-ubuntu,kernel,' [    0.038713] Calgary: Unable to locate Rio Grande table in EBDA - bailing!\n'
270,2020-05-24 10:43:44,shukrithis-ubuntu,kernel,"' [    0.055379] Memory: 7760460K/8277916K available (14339K kernel code, 2387K rwdata, 4728K rodata, 2676K init, 5044K bss, 517456K reserved, 0K cma-reserved)\n'"
271,2020-05-24 10:43:44,shukrithis-ubuntu,kernel,' [    0.055385] random: get_random_u64 called from kmem_cache_open+0x2d/0x410 with crng_init=0\n'
272,2020-05-24 10:43:44,shukrithis-ubuntu,kernel,"' [    0.055482] SLUB: HWalign=64, Order=0-3, MinObjects=0, CPUs=4, Nodes=1\n'"
273,2020-05-24 10:43:44,shukrithis-ubuntu,kernel,' [    0.055491] Kernel/User page tables isolation: enabled\n'
274,2020-05-24 10:43:44,shukrithis-ubuntu,kernel,' [    0.055503] ftrace: allocating 43610 entries in 171 pages\n'
275,2020-05-24 10:43:44,shukrithis-ubuntu,kernel,' [    0.070145] rcu: Hierarchical RCU implementation.\n'
276,2020-05-24 10:43:44,shukrithis-ubuntu,kernel,' [    0.070147] rcu: \tRCU restricting CPUs from NR_CPUS=8192 to nr_cpu_ids=4.\n'
277,2020-05-24 10:43:44,shukrithis-ubuntu,kernel,' [    0.070148] \tTasks RCU enabled.\n'
278,2020-05-24 10:43:44,shukrithis-ubuntu,kernel,' [    0.070149] rcu: RCU calculated value of scheduler-enlistment delay is 25 jiffies.\n'
279,2020-05-24 10:43:44,shukrithis-ubuntu,kernel,"' [    0.070150] rcu: Adjusting geometry for rcu_fanout_leaf=16, nr_cpu_ids=4\n'"
280,2020-05-24 10:43:44,shukrithis-ubuntu,kernel,"' [    0.072894] NR_IRQS: 524544, nr_irqs: 1024, preallocated irqs: 16\n'"
281,2020-05-24 10:43:44,shukrithis-ubuntu,kernel,""" [    0.073229] random: crng done (trusting CPU's manufacturer)\n"""
282,2020-05-24 10:43:44,shukrithis-ubuntu,kernel,' [    0.073261] spurious 8259A interrupt: IRQ7.\n'
283,2020-05-24 10:43:44,shukrithis-ubuntu,kernel,' [    0.073290] Console: colour dummy device 80x25\n'
284,2020-05-24 10:43:44,shukrithis-ubuntu,kernel,' [    0.073530] printk: console [tty0] enabled\n'
285,2020-05-24 10:43:44,shukrithis-ubuntu,kernel,' [    0.073544] ACPI: Core revision 20190703\n'
286,2020-05-24 10:43:44,shukrithis-ubuntu,kernel,"' [    0.073799] clocksource: hpet: mask: 0xffffffff max_cycles: 0xffffffff, max_idle_ns: 79635855245 ns\n'"
287,2020-05-24 10:43:44,shukrithis-ubuntu,kernel,' [    0.073916] APIC: Switch to symmetric I/O mode setup\n'
288,2020-05-24 10:43:44,shukrithis-ubuntu,kernel,' [    0.073935] DMAR: Host address width 39\n'
289,2020-05-24 10:43:44,shukrithis-ubuntu,kernel,' [    0.073937] DMAR: DRHD base: 0x000000fed90000 flags: 0x0\n'
290,2020-05-24 10:43:44,shukrithis-ubuntu,kernel,' [    0.073942] DMAR: dmar0: reg_base_addr fed90000 ver 1:0 cap 1c0000c40660462 ecap 7e3ff0505e\n'
291,2020-05-24 10:43:44,shukrithis-ubuntu,kernel,' [    0.073945] DMAR: DRHD base: 0x000000fed91000 flags: 0x1\n'
292,2020-05-24 10:43:44,shukrithis-ubuntu,kernel,' [    0.073949] DMAR: dmar1: reg_base_addr fed91000 ver 1:0 cap d2008c40660462 ecap f050da\n'
293,2020-05-24 10:43:44,shukrithis-ubuntu,kernel,' [    0.073952] DMAR: RMRR base: 0x000000875a0000 end: 0x000000875bffff\n'
294,2020-05-24 10:43:44,shukrithis-ubuntu,kernel,' [    0.073954] DMAR: RMRR base: 0x00000089800000 end: 0x0000008bffffff\n'
295,2020-05-24 10:43:44,shukrithis-ubuntu,kernel,' [    0.073956] DMAR: ANDD device: 1 name: \\_SB.PCI0.I2C0\n'
296,2020-05-24 10:43:44,shukrithis-ubuntu,kernel,' [    0.073957] DMAR: ANDD device: 2 name: \\_SB.PCI0.I2C1\n'
297,2020-05-24 10:43:44,shukrithis-ubuntu,kernel,' [    0.073960] DMAR-IR: IOAPIC id 2 under DRHD base  0xfed91000 IOMMU 1\n'
298,2020-05-24 10:43:44,shukrithis-ubuntu,kernel,' [    0.073961] DMAR-IR: HPET id 0 under DRHD base 0xfed91000\n'
299,2020-05-24 10:43:44,shukrithis-ubuntu,kernel,' [    0.073963] DMAR-IR: x2apic is disabled because BIOS sets x2apic opt out bit.\n'
300,2020-05-24 10:43:44,shukrithis-ubuntu,kernel,""" [    0.073964] DMAR-IR: Use 'intremap=no_x2apic_optout' to override the BIOS setting.\n"""
301,2020-05-24 10:43:44,shukrithis-ubuntu,kernel,' [    0.074237] DMAR: DRHD: handling fault status reg 2\n'
302,2020-05-24 10:43:44,shukrithis-ubuntu,kernel,' [    0.074241] DMAR: [INTR-REMAP] Request device [f0:1f.0] fault index 0 [fault reason 37] Blocked a compatibility format interrupt request\n'
303,2020-05-24 10:43:44,shukrithis-ubuntu,kernel,' [    0.075454] DMAR-IR: Enabled IRQ remapping in xapic mode\n'
304,2020-05-24 10:43:44,shukrithis-ubuntu,kernel,""" [    0.075456] x2apic: IRQ remapping doesn't support X2APIC mode\n"""
305,2020-05-24 10:43:44,shukrithis-ubuntu,kernel,' [    0.079553] ..TIMER: vector=0x30 apic1=0 pin1=2 apic2=-1 pin2=-1\n'
306,2020-05-24 10:43:44,shukrithis-ubuntu,kernel,"' [    0.097840] clocksource: tsc-early: mask: 0xffffffffffffffff max_cycles: 0x22983777dd9, max_idle_ns: 440795300422 ns\n'"
307,2020-05-24 10:43:44,shukrithis-ubuntu,kernel,"' [    0.097846] Calibrating delay loop (skipped), value calculated using timer frequency.. 4800.00 BogoMIPS (lpj=9600000)\n'"
308,2020-05-24 10:43:44,shukrithis-ubuntu,kernel,' [    0.097850] pid_max: default: 32768 minimum: 301\n'
309,2020-05-24 10:43:44,shukrithis-ubuntu,kernel,' [    0.103959] LSM: Security Framework initializing\n'
310,2020-05-24 10:43:44,shukrithis-ubuntu,kernel,' [    0.103969] Yama: becoming mindful.\n'
311,2020-05-24 10:43:44,shukrithis-ubuntu,kernel,' [    0.104006] AppArmor: AppArmor initialized\n'
312,2020-05-24 10:43:44,shukrithis-ubuntu,kernel,"' [    0.104044] Mount-cache hash table entries: 16384 (order: 5, 131072 bytes, linear)\n'"
313,2020-05-24 10:43:44,shukrithis-ubuntu,kernel,"' [    0.104058] Mountpoint-cache hash table entries: 16384 (order: 5, 131072 bytes, linear)\n'"
314,2020-05-24 10:43:44,shukrithis-ubuntu,kernel,' [    0.104196] *** VALIDATE proc ***\n'
315,2020-05-24 10:43:44,shukrithis-ubuntu,kernel,' [    0.104236] *** VALIDATE cgroup1 ***\n'
316,2020-05-24 10:43:44,shukrithis-ubuntu,kernel,' [    0.104238] *** VALIDATE cgroup2 ***\n'
317,2020-05-24 10:43:44,shukrithis-ubuntu,kernel,' [    0.104284] mce: CPU0: Thermal monitoring enabled (TM1)\n'
318,2020-05-24 10:43:44,shukrithis-ubuntu,kernel,' [    0.104299] process: using mwait in idle threads\n'
319,2020-05-24 10:43:44,shukrithis-ubuntu,kernel,"' [    0.104302] Last level iTLB entries: 4KB 64, 2MB 8, 4MB 8\n'"
320,2020-05-24 10:43:44,shukrithis-ubuntu,kernel,"' [    0.104303] Last level dTLB entries: 4KB 64, 2MB 0, 4MB 0, 1GB 4\n'"
321,2020-05-24 10:43:44,shukrithis-ubuntu,kernel,' [    0.104307] Spectre V1 : Mitigation: usercopy/swapgs barriers and __user pointer sanitization\n'
322,2020-05-24 10:43:44,shukrithis-ubuntu,kernel,' [    0.104310] Spectre V2 : Mitigation: Full generic retpoline\n'
323,2020-05-24 10:43:44,shukrithis-ubuntu,kernel,' [    0.104311] Spectre V2 : Spectre v2 / SpectreRSB mitigation: Filling RSB on context switch\n'
324,2020-05-24 10:43:44,shukrithis-ubuntu,kernel,' [    0.104313] Spectre V2 : Enabling Restricted Speculation for firmware calls\n'
325,2020-05-24 10:43:44,shukrithis-ubuntu,kernel,' [    0.104316] Spectre V2 : mitigation: Enabling conditional Indirect Branch Prediction Barrier\n'
326,2020-05-24 10:43:44,shukrithis-ubuntu,kernel,' [    0.104318] Spectre V2 : User space: Mitigation: STIBP via seccomp and prctl\n'
327,2020-05-24 10:43:44,shukrithis-ubuntu,kernel,' [    0.104320] Speculative Store Bypass: Mitigation: Speculative Store Bypass disabled via prctl and seccomp\n'
328,2020-05-24 10:43:44,shukrithis-ubuntu,kernel,' [    0.104324] MDS: Mitigation: Clear CPU buffers\n'
329,2020-05-24 10:43:44,shukrithis-ubuntu,kernel,' [    0.104544] Freeing SMP alternatives memory: 36K\n'
330,2020-05-24 10:43:44,shukrithis-ubuntu,kernel,' [    0.106761] TSC deadline timer enabled\n'
331,2020-05-24 10:43:44,shukrithis-ubuntu,kernel,"' [    0.106766] smpboot: CPU0: Intel(R) Core(TM) i5-6200U CPU @ 2.30GHz (family: 0x6, model: 0x4e, stepping: 0x3)\n'"
332,2020-05-24 10:43:44,shukrithis-ubuntu,kernel,"' [    0.106853] Performance Events: PEBS fmt3+, Skylake events, 32-deep LBR, full-width counters, Intel PMU driver.\n'"
333,2020-05-24 10:43:44,shukrithis-ubuntu,kernel,' [    0.106860] ... version:                4\n'
334,2020-05-24 10:43:44,shukrithis-ubuntu,kernel,' [    0.106861] ... bit width:              48\n'
335,2020-05-24 10:43:44,shukrithis-ubuntu,kernel,' [    0.106862] ... generic registers:      4\n'
336,2020-05-24 10:43:44,shukrithis-ubuntu,kernel,' [    0.106864] ... value mask:             0000ffffffffffff\n'
337,2020-05-24 10:43:44,shukrithis-ubuntu,kernel,' [    0.106865] ... max period:             00007fffffffffff\n'
338,2020-05-24 10:43:44,shukrithis-ubuntu,kernel,' [    0.106867] ... fixed-purpose events:   3\n'
339,2020-05-24 10:43:44,shukrithis-ubuntu,kernel,' [    0.106868] ... event mask:             000000070000000f\n'
340,2020-05-24 10:43:44,shukrithis-ubuntu,kernel,' [    0.106903] rcu: Hierarchical SRCU implementation.\n'
341,2020-05-24 10:43:44,shukrithis-ubuntu,kernel,' [    0.107637] NMI watchdog: Enabled. Permanently consumes one hw-PMU counter.\n'
342,2020-05-24 10:43:44,shukrithis-ubuntu,kernel,' [    0.107685] smp: Bringing up secondary CPUs ...\n'
343,2020-05-24 10:43:44,shukrithis-ubuntu,kernel,' [    0.107756] x86: Booting SMP configuration:\n'
344,2020-05-24 10:43:44,shukrithis-ubuntu,kernel,"' [    0.107758] .... node  #0, CPUs:      #1 #2\n'"
345,2020-05-24 10:43:44,shukrithis-ubuntu,kernel,"' [    0.109844] MDS CPU bug present and SMT on, data leak possible. See https://www.kernel.org/doc/html/latest/admin-guide/hw-vuln/mds.html for more details.\n'"
346,2020-05-24 10:43:44,shukrithis-ubuntu,kernel,' [    0.109885]  #3\n'
347,2020-05-24 10:43:44,shukrithis-ubuntu,kernel,"' [    0.110225] smp: Brought up 1 node, 4 CPUs\n'"
348,2020-05-24 10:43:44,shukrithis-ubuntu,kernel,' [    0.110225] smpboot: Max logical packages: 1\n'
349,2020-05-24 10:43:44,shukrithis-ubuntu,kernel,' [    0.110225] smpboot: Total of 4 processors activated (19200.00 BogoMIPS)\n'
350,2020-05-24 10:43:44,shukrithis-ubuntu,kernel,' [    0.111438] devtmpfs: initialized\n'
351,2020-05-24 10:43:44,shukrithis-ubuntu,kernel,' [    0.111438] x86/mm: Memory block size: 128MB\n'
352,2020-05-24 10:43:44,shukrithis-ubuntu,kernel,' [    0.111438] PM: Registering ACPI NVS region [mem 0x7a3d2000-0x7a3d2fff] (4096 bytes)\n'
353,2020-05-24 10:43:44,shukrithis-ubuntu,kernel,' [    0.111438] PM: Registering ACPI NVS region [mem 0x8763e000-0x87f98fff] (9809920 bytes)\n'
354,2020-05-24 10:43:44,shukrithis-ubuntu,kernel,"' [    0.111438] clocksource: jiffies: mask: 0xffffffff max_cycles: 0xffffffff, max_idle_ns: 7645041785100000 ns\n'"
355,2020-05-24 10:43:44,shukrithis-ubuntu,kernel,"' [    0.111438] futex hash table entries: 1024 (order: 4, 65536 bytes, linear)\n'"
356,2020-05-24 10:43:44,shukrithis-ubuntu,kernel,' [    0.111438] pinctrl core: initialized pinctrl subsystem\n'
357,2020-05-24 10:43:44,shukrithis-ubuntu,kernel,"' [    0.111438] PM: RTC time: 05:13:00, date: 2020-05-24\n'"
358,2020-05-24 10:43:44,shukrithis-ubuntu,kernel,' [    0.111438] NET: Registered protocol family 16\n'
359,2020-05-24 10:43:44,shukrithis-ubuntu,kernel,' [    0.111438] audit: initializing netlink subsys (disabled)\n'
360,2020-05-24 10:43:44,shukrithis-ubuntu,kernel,' [    0.111438] audit: type=2000 audit(1590297180.036:1): state=initialized audit_enabled=0 res=1\n'
361,2020-05-24 10:43:44,shukrithis-ubuntu,kernel,' [    0.111438] EISA bus registered\n'
362,2020-05-24 10:43:44,shukrithis-ubuntu,kernel,' [    0.111438] cpuidle: using governor ladder\n'
363,2020-05-24 10:43:44,shukrithis-ubuntu,kernel,' [    0.111438] cpuidle: using governor menu\n'
364,2020-05-24 10:43:44,shukrithis-ubuntu,kernel,' [    0.111438] Simple Boot Flag at 0x47 set to 0x80\n'
365,2020-05-24 10:43:44,shukrithis-ubuntu,kernel,""" [    0.111438] ACPI FADT declares the system doesn't support PCIe ASPM, so disable it\n"""
366,2020-05-24 10:43:44,shukrithis-ubuntu,kernel,' [    0.111438] ACPI: bus type PCI registered\n'
367,2020-05-24 10:43:44,shukrithis-ubuntu,kernel,' [    0.111438] acpiphp: ACPI Hot Plug PCI Controller Driver version: 0.5\n'
368,2020-05-24 10:43:44,shukrithis-ubuntu,kernel,' [    0.111438] PCI: MMCONFIG for domain 0000 [bus 00-ff] at [mem 0xe0000000-0xefffffff] (base 0xe0000000)\n'
369,2020-05-24 10:43:44,shukrithis-ubuntu,kernel,' [    0.111438] PCI: MMCONFIG at [mem 0xe0000000-0xefffffff] reserved in E820\n'
370,2020-05-24 10:43:44,shukrithis-ubuntu,kernel,' [    0.111438] PCI: Using configuration type 1 for base access\n'
371,2020-05-24 10:43:44,shukrithis-ubuntu,kernel,""" [    0.111438] ENERGY_PERF_BIAS: Set to 'normal', was 'performance'\n"""
372,2020-05-24 10:43:44,shukrithis-ubuntu,kernel,"' [    0.114968] HugeTLB registered 1.00 GiB page size, pre-allocated 0 pages\n'"
373,2020-05-24 10:43:44,shukrithis-ubuntu,kernel,"' [    0.114968] HugeTLB registered 2.00 MiB page size, pre-allocated 0 pages\n'"
374,2020-05-24 10:43:44,shukrithis-ubuntu,kernel,' [    0.114968] fbcon: Taking over console\n'
375,2020-05-24 10:43:44,shukrithis-ubuntu,kernel,' [    0.114968] ACPI: Added _OSI(Module Device)\n'
376,2020-05-24 10:43:44,shukrithis-ubuntu,kernel,' [    0.114968] ACPI: Added _OSI(Processor Device)\n'
377,2020-05-24 10:43:44,shukrithis-ubuntu,kernel,' [    0.114968] ACPI: Added _OSI(3.0 _SCP Extensions)\n'
378,2020-05-24 10:43:44,shukrithis-ubuntu,kernel,' [    0.114968] ACPI: Added _OSI(Processor Aggregator Device)\n'
379,2020-05-24 10:43:44,shukrithis-ubuntu,kernel,' [    0.114968] ACPI: Added _OSI(Linux-Dell-Video)\n'
380,2020-05-24 10:43:44,shukrithis-ubuntu,kernel,' [    0.114968] ACPI: Added _OSI(Linux-Lenovo-NV-HDMI-Audio)\n'
381,2020-05-24 10:43:44,shukrithis-ubuntu,kernel,' [    0.114968] ACPI: Added _OSI(Linux-HPI-Hybrid-Graphics)\n'
382,2020-05-24 10:43:44,shukrithis-ubuntu,kernel,' [    0.153072] ACPI: 8 ACPI AML tables successfully acquired and loaded\n'
383,2020-05-24 10:43:44,shukrithis-ubuntu,kernel,' [    0.155875] ACPI: [Firmware Bug]: BIOS _OSI(Linux) query ignored\n'
384,2020-05-24 10:43:44,shukrithis-ubuntu,kernel,' [    0.165890] ACPI: Dynamic OEM Table Load:\n'
385,2020-05-24 10:43:44,shukrithis-ubuntu,kernel,' [    0.165897] ACPI: SSDT 0xFFFF9F0E28C95800 00061E (v02 PmRef  Cpu0Ist  00003000 INTL 20120913)\n'
386,2020-05-24 10:43:44,shukrithis-ubuntu,kernel,' [    0.167370] ACPI: \\_PR_.CPU0: _OSC native thermal LVT Acked\n'
387,2020-05-24 10:43:44,shukrithis-ubuntu,kernel,' [    0.168879] ACPI: Dynamic OEM Table Load:\n'
388,2020-05-24 10:43:44,shukrithis-ubuntu,kernel,' [    0.168885] ACPI: SSDT 0xFFFF9F0E28D03000 00037F (v02 PmRef  Cpu0Cst  00003001 INTL 20120913)\n'
389,2020-05-24 10:43:44,shukrithis-ubuntu,kernel,' [    0.171022] ACPI: Dynamic OEM Table Load:\n'
390,2020-05-24 10:43:44,shukrithis-ubuntu,kernel,' [    0.171029] ACPI: SSDT 0xFFFF9F0E28C96800 0005AA (v02 PmRef  ApIst    00003000 INTL 20120913)\n'
391,2020-05-24 10:43:44,shukrithis-ubuntu,kernel,' [    0.172782] ACPI: Dynamic OEM Table Load:\n'
392,2020-05-24 10:43:44,shukrithis-ubuntu,kernel,' [    0.172787] ACPI: SSDT 0xFFFF9F0E28F72E00 000119 (v02 PmRef  ApCst    00003000 INTL 20120913)\n'
393,2020-05-24 10:43:44,shukrithis-ubuntu,kernel,' [    0.176359] ACPI: EC: EC started\n'
394,2020-05-24 10:43:44,shukrithis-ubuntu,kernel,' [    0.176361] ACPI: EC: interrupt blocked\n'
395,2020-05-24 10:43:44,shukrithis-ubuntu,kernel,' [    0.178563] ACPI: \\_SB_.PCI0.LPCB.ECDV: Used as first EC\n'
396,2020-05-24 10:43:44,shukrithis-ubuntu,kernel,"' [    0.178580] ACPI: \\_SB_.PCI0.LPCB.ECDV: GPE=0x45, EC_CMD/EC_SC=0x934, EC_DATA=0x930\n'"
397,2020-05-24 10:43:44,shukrithis-ubuntu,kernel,' [    0.178582] ACPI: \\_SB_.PCI0.LPCB.ECDV: Boot DSDT EC used to handle transactions\n'
398,2020-05-24 10:43:44,shukrithis-ubuntu,kernel,' [    0.178584] ACPI: Interpreter enabled\n'
399,2020-05-24 10:43:44,shukrithis-ubuntu,kernel,' [    0.178624] ACPI: (supports S0 S3 S4 S5)\n'
400,2020-05-24 10:43:44,shukrithis-ubuntu,kernel,' [    0.178626] ACPI: Using IOAPIC for interrupt routing\n'
401,2020-05-24 10:43:44,shukrithis-ubuntu,kernel,"' [    0.178665] PCI: Using host bridge windows from ACPI; if necessary, use ""pci=nocrs"" and report a bug\n'"
402,2020-05-24 10:43:44,shukrithis-ubuntu,kernel,' [    0.179372] ACPI: Enabled 8 GPEs in block 00 to 7F\n'
403,2020-05-24 10:43:44,shukrithis-ubuntu,kernel,' [    0.181038] ACPI: Power Resource [PG00] (on)\n'
404,2020-05-24 10:43:44,shukrithis-ubuntu,kernel,' [    0.181426] ACPI: Power Resource [PG01] (on)\n'
405,2020-05-24 10:43:44,shukrithis-ubuntu,kernel,' [    0.181800] ACPI: Power Resource [PG02] (on)\n'
406,2020-05-24 10:43:44,shukrithis-ubuntu,kernel,' [    0.183328] ACPI: Power Resource [WRST] (off)\n'
407,2020-05-24 10:43:44,shukrithis-ubuntu,kernel,' [    0.183711] ACPI: Power Resource [WRST] (off)\n'
408,2020-05-24 10:43:44,shukrithis-ubuntu,kernel,' [    0.184095] ACPI: Power Resource [WRST] (off)\n'
409,2020-05-24 10:43:44,shukrithis-ubuntu,kernel,' [    0.184473] ACPI: Power Resource [WRST] (off)\n'
410,2020-05-24 10:43:44,shukrithis-ubuntu,kernel,' [    0.184852] ACPI: Power Resource [WRST] (off)\n'
411,2020-05-24 10:43:44,shukrithis-ubuntu,kernel,' [    0.185230] ACPI: Power Resource [WRST] (off)\n'
412,2020-05-24 10:43:44,shukrithis-ubuntu,kernel,' [    0.185608] ACPI: Power Resource [WRST] (off)\n'
413,2020-05-24 10:43:44,shukrithis-ubuntu,kernel,' [    0.185995] ACPI: Power Resource [WRST] (off)\n'
414,2020-05-24 10:43:44,shukrithis-ubuntu,kernel,' [    0.186375] ACPI: Power Resource [WRST] (off)\n'
415,2020-05-24 10:43:44,shukrithis-ubuntu,kernel,' [    0.187042] ACPI: Power Resource [WRST] (off)\n'
416,2020-05-24 10:43:44,shukrithis-ubuntu,kernel,' [    0.187435] ACPI: Power Resource [WRST] (off)\n'
417,2020-05-24 10:43:44,shukrithis-ubuntu,kernel,' [    0.187822] ACPI: Power Resource [WRST] (off)\n'
418,2020-05-24 10:43:44,shukrithis-ubuntu,kernel,' [    0.188208] ACPI: Power Resource [WRST] (off)\n'
419,2020-05-24 10:43:44,shukrithis-ubuntu,kernel,' [    0.188587] ACPI: Power Resource [WRST] (off)\n'
420,2020-05-24 10:43:44,shukrithis-ubuntu,kernel,' [    0.188967] ACPI: Power Resource [WRST] (off)\n'
421,2020-05-24 10:43:44,shukrithis-ubuntu,kernel,' [    0.189350] ACPI: Power Resource [WRST] (off)\n'
422,2020-05-24 10:43:44,shukrithis-ubuntu,kernel,' [    0.189728] ACPI: Power Resource [WRST] (off)\n'
423,2020-05-24 10:43:44,shukrithis-ubuntu,kernel,' [    0.190113] ACPI: Power Resource [WRST] (off)\n'
424,2020-05-24 10:43:44,shukrithis-ubuntu,kernel,' [    0.190496] ACPI: Power Resource [WRST] (off)\n'
425,2020-05-24 10:43:44,shukrithis-ubuntu,kernel,' [    0.190876] ACPI: Power Resource [WRST] (off)\n'
426,2020-05-24 10:43:44,shukrithis-ubuntu,kernel,' [    0.204272] ACPI: Power Resource [FN00] (off)\n'
427,2020-05-24 10:43:44,shukrithis-ubuntu,kernel,' [    0.204347] ACPI: Power Resource [FN01] (off)\n'
428,2020-05-24 10:43:44,shukrithis-ubuntu,kernel,' [    0.204419] ACPI: Power Resource [FN02] (off)\n'
429,2020-05-24 10:43:44,shukrithis-ubuntu,kernel,' [    0.204495] ACPI: Power Resource [FN03] (off)\n'
430,2020-05-24 10:43:44,shukrithis-ubuntu,kernel,' [    0.204566] ACPI: Power Resource [FN04] (off)\n'
431,2020-05-24 10:43:44,shukrithis-ubuntu,kernel,' [    0.205731] ACPI: PCI Root Bridge [PCI0] (domain 0000 [bus 00-fe])\n'
432,2020-05-24 10:43:44,shukrithis-ubuntu,kernel,' [    0.205739] acpi PNP0A08:00: _OSC: OS supports [ExtendedConfig ASPM ClockPM Segments MSI HPX-Type3]\n'
433,2020-05-24 10:43:44,shukrithis-ubuntu,kernel,' [    0.205785] acpi PNP0A08:00: _OSC failed (AE_ERROR); disabling ASPM\n'
434,2020-05-24 10:43:44,shukrithis-ubuntu,kernel,' [    0.206468] PCI host bridge to bus 0000:00\n'
435,2020-05-24 10:43:44,shukrithis-ubuntu,kernel,' [    0.206471] pci_bus 0000:00: root bus resource [io  0x0000-0x0cf7 window]\n'
436,2020-05-24 10:43:44,shukrithis-ubuntu,kernel,' [    0.206474] pci_bus 0000:00: root bus resource [io  0x0d00-0xffff window]\n'
437,2020-05-24 10:43:44,shukrithis-ubuntu,kernel,' [    0.206476] pci_bus 0000:00: root bus resource [mem 0x000a0000-0x000bffff window]\n'
438,2020-05-24 10:43:44,shukrithis-ubuntu,kernel,' [    0.206478] pci_bus 0000:00: root bus resource [mem 0x000c0000-0x000c3fff window]\n'
439,2020-05-24 10:43:44,shukrithis-ubuntu,kernel,' [    0.206481] pci_bus 0000:00: root bus resource [mem 0x000c4000-0x000c7fff window]\n'
440,2020-05-24 10:43:44,shukrithis-ubuntu,kernel,' [    0.206483] pci_bus 0000:00: root bus resource [mem 0x000c8000-0x000cbfff window]\n'
441,2020-05-24 10:43:44,shukrithis-ubuntu,kernel,' [    0.206485] pci_bus 0000:00: root bus resource [mem 0x000cc000-0x000cffff window]\n'
442,2020-05-24 10:43:44,shukrithis-ubuntu,kernel,' [    0.206487] pci_bus 0000:00: root bus resource [mem 0x000d0000-0x000d3fff window]\n'
443,2020-05-24 10:43:44,shukrithis-ubuntu,kernel,' [    0.206490] pci_bus 0000:00: root bus resource [mem 0x000d4000-0x000d7fff window]\n'
444,2020-05-24 10:43:44,shukrithis-ubuntu,kernel,' [    0.206492] pci_bus 0000:00: root bus resource [mem 0x000d8000-0x000dbfff window]\n'
445,2020-05-24 10:43:44,shukrithis-ubuntu,kernel,' [    0.206494] pci_bus 0000:00: root bus resource [mem 0x000dc000-0x000dffff window]\n'
446,2020-05-24 10:43:44,shukrithis-ubuntu,kernel,' [    0.206496] pci_bus 0000:00: root bus resource [mem 0x000e4000-0x000e7fff window]\n'
447,2020-05-24 10:43:44,shukrithis-ubuntu,kernel,' [    0.206499] pci_bus 0000:00: root bus resource [mem 0x000e8000-0x000ebfff window]\n'
448,2020-05-24 10:43:44,shukrithis-ubuntu,kernel,' [    0.206501] pci_bus 0000:00: root bus resource [mem 0x000ec000-0x000effff window]\n'
449,2020-05-24 10:43:44,shukrithis-ubuntu,kernel,' [    0.206503] pci_bus 0000:00: root bus resource [mem 0x8c000000-0xdfffffff window]\n'
450,2020-05-24 10:43:44,shukrithis-ubuntu,kernel,' [    0.206505] pci_bus 0000:00: root bus resource [mem 0xfd000000-0xfe7fffff window]\n'
451,2020-05-24 10:43:44,shukrithis-ubuntu,kernel,' [    0.206508] pci_bus 0000:00: root bus resource [bus 00-fe]\n'
452,2020-05-24 10:43:44,shukrithis-ubuntu,kernel,' [    0.206519] pci 0000:00:00.0: [8086:1904] type 00 class 0x060000\n'
453,2020-05-24 10:43:44,shukrithis-ubuntu,kernel,' [    0.206647] pci 0000:00:02.0: [8086:1916] type 00 class 0x030000\n'
454,2020-05-24 10:43:44,shukrithis-ubuntu,kernel,' [    0.206659] pci 0000:00:02.0: reg 0x10: [mem 0xde000000-0xdeffffff 64bit]\n'
455,2020-05-24 10:43:44,shukrithis-ubuntu,kernel,' [    0.206665] pci 0000:00:02.0: reg 0x18: [mem 0xc0000000-0xcfffffff 64bit pref]\n'
456,2020-05-24 10:43:44,shukrithis-ubuntu,kernel,' [    0.206670] pci 0000:00:02.0: reg 0x20: [io  0xf000-0xf03f]\n'
457,2020-05-24 10:43:44,shukrithis-ubuntu,kernel,' [    0.206685] pci 0000:00:02.0: BAR 2: assigned to efifb\n'
458,2020-05-24 10:43:44,shukrithis-ubuntu,kernel,' [    0.206871] pci 0000:00:14.0: [8086:9d2f] type 00 class 0x0c0330\n'
459,2020-05-24 10:43:44,shukrithis-ubuntu,kernel,' [    0.206896] pci 0000:00:14.0: reg 0x10: [mem 0xdf210000-0xdf21ffff 64bit]\n'
460,2020-05-24 10:43:44,shukrithis-ubuntu,kernel,' [    0.206966] pci 0000:00:14.0: PME# supported from D3hot D3cold\n'
461,2020-05-24 10:43:44,shukrithis-ubuntu,kernel,' [    0.207118] pci 0000:00:14.2: [8086:9d31] type 00 class 0x118000\n'
462,2020-05-24 10:43:44,shukrithis-ubuntu,kernel,' [    0.207141] pci 0000:00:14.2: reg 0x10: [mem 0xdf230000-0xdf230fff 64bit]\n'
463,2020-05-24 10:43:44,shukrithis-ubuntu,kernel,' [    0.207404] pci 0000:00:15.0: [8086:9d60] type 00 class 0x118000\n'
464,2020-05-24 10:43:44,shukrithis-ubuntu,kernel,' [    0.207668] pci 0000:00:15.0: reg 0x10: [mem 0xdf22f000-0xdf22ffff 64bit]\n'
465,2020-05-24 10:43:44,shukrithis-ubuntu,kernel,' [    0.208725] pci 0000:00:15.1: [8086:9d61] type 00 class 0x118000\n'
466,2020-05-24 10:43:44,shukrithis-ubuntu,kernel,' [    0.208988] pci 0000:00:15.1: reg 0x10: [mem 0xdf22e000-0xdf22efff 64bit]\n'
467,2020-05-24 10:43:44,shukrithis-ubuntu,kernel,' [    0.209987] pci 0000:00:16.0: [8086:9d3a] type 00 class 0x078000\n'
468,2020-05-24 10:43:44,shukrithis-ubuntu,kernel,' [    0.210015] pci 0000:00:16.0: reg 0x10: [mem 0xdf22d000-0xdf22dfff 64bit]\n'
469,2020-05-24 10:43:44,shukrithis-ubuntu,kernel,' [    0.210094] pci 0000:00:16.0: PME# supported from D3hot\n'
470,2020-05-24 10:43:44,shukrithis-ubuntu,kernel,' [    0.210260] pci 0000:00:17.0: [8086:9d03] type 00 class 0x010601\n'
471,2020-05-24 10:43:44,shukrithis-ubuntu,kernel,' [    0.210280] pci 0000:00:17.0: reg 0x10: [mem 0xdf228000-0xdf229fff]\n'
472,2020-05-24 10:43:44,shukrithis-ubuntu,kernel,' [    0.210289] pci 0000:00:17.0: reg 0x14: [mem 0xdf22c000-0xdf22c0ff]\n'
473,2020-05-24 10:43:44,shukrithis-ubuntu,kernel,' [    0.210297] pci 0000:00:17.0: reg 0x18: [io  0xf090-0xf097]\n'
474,2020-05-24 10:43:44,shukrithis-ubuntu,kernel,' [    0.210306] pci 0000:00:17.0: reg 0x1c: [io  0xf080-0xf083]\n'
475,2020-05-24 10:43:44,shukrithis-ubuntu,kernel,' [    0.210314] pci 0000:00:17.0: reg 0x20: [io  0xf060-0xf07f]\n'
476,2020-05-24 10:43:44,shukrithis-ubuntu,kernel,' [    0.210323] pci 0000:00:17.0: reg 0x24: [mem 0xdf22b000-0xdf22b7ff]\n'
477,2020-05-24 10:43:44,shukrithis-ubuntu,kernel,' [    0.210368] pci 0000:00:17.0: PME# supported from D3hot\n'
478,2020-05-24 10:43:44,shukrithis-ubuntu,kernel,' [    0.210527] pci 0000:00:1c.0: [8086:9d14] type 01 class 0x060400\n'
479,2020-05-24 10:43:44,shukrithis-ubuntu,kernel,' [    0.210611] pci 0000:00:1c.0: PME# supported from D0 D3hot D3cold\n'
480,2020-05-24 10:43:44,shukrithis-ubuntu,kernel,' [    0.210815] pci 0000:00:1c.5: [8086:9d15] type 01 class 0x060400\n'
481,2020-05-24 10:43:44,shukrithis-ubuntu,kernel,' [    0.210898] pci 0000:00:1c.5: PME# supported from D0 D3hot D3cold\n'
482,2020-05-24 10:43:44,shukrithis-ubuntu,kernel,' [    0.211101] pci 0000:00:1f.0: [8086:9d48] type 00 class 0x060100\n'
483,2020-05-24 10:43:44,shukrithis-ubuntu,kernel,' [    0.211346] pci 0000:00:1f.2: [8086:9d21] type 00 class 0x058000\n'
484,2020-05-24 10:43:44,shukrithis-ubuntu,kernel,' [    0.211362] pci 0000:00:1f.2: reg 0x10: [mem 0xdf224000-0xdf227fff]\n'
485,2020-05-24 10:43:44,shukrithis-ubuntu,kernel,' [    0.211538] pci 0000:00:1f.3: [8086:9d70] type 00 class 0x040300\n'
486,2020-05-24 10:43:44,shukrithis-ubuntu,kernel,' [    0.211566] pci 0000:00:1f.3: reg 0x10: [mem 0xdf220000-0xdf223fff 64bit]\n'
487,2020-05-24 10:43:44,shukrithis-ubuntu,kernel,' [    0.211593] pci 0000:00:1f.3: reg 0x20: [mem 0xdf200000-0xdf20ffff 64bit]\n'
488,2020-05-24 10:43:44,shukrithis-ubuntu,kernel,' [    0.211644] pci 0000:00:1f.3: PME# supported from D3hot D3cold\n'
489,2020-05-24 10:43:44,shukrithis-ubuntu,kernel,' [    0.211858] pci 0000:00:1f.4: [8086:9d23] type 00 class 0x0c0500\n'
490,2020-05-24 10:43:44,shukrithis-ubuntu,kernel,' [    0.211919] pci 0000:00:1f.4: reg 0x10: [mem 0xdf22a000-0xdf22a0ff 64bit]\n'
491,2020-05-24 10:43:44,shukrithis-ubuntu,kernel,' [    0.211989] pci 0000:00:1f.4: reg 0x20: [io  0xf040-0xf05f]\n'
492,2020-05-24 10:43:44,shukrithis-ubuntu,kernel,' [    0.212416] pci 0000:01:00.0: [8086:08b3] type 00 class 0x028000\n'
493,2020-05-24 10:43:44,shukrithis-ubuntu,kernel,' [    0.212520] pci 0000:01:00.0: reg 0x10: [mem 0xdf100000-0xdf101fff 64bit]\n'
494,2020-05-24 10:43:44,shukrithis-ubuntu,kernel,' [    0.212797] pci 0000:01:00.0: PME# supported from D0 D3hot D3cold\n'
495,2020-05-24 10:43:44,shukrithis-ubuntu,kernel,' [    0.213281] pci 0000:00:1c.0: PCI bridge to [bus 01]\n'
496,2020-05-24 10:43:44,shukrithis-ubuntu,kernel,' [    0.213287] pci 0000:00:1c.0:   bridge window [mem 0xdf100000-0xdf1fffff]\n'
497,2020-05-24 10:43:44,shukrithis-ubuntu,kernel,' [    0.213385] pci 0000:02:00.0: [10ec:8136] type 00 class 0x020000\n'
498,2020-05-24 10:43:44,shukrithis-ubuntu,kernel,' [    0.213421] pci 0000:02:00.0: reg 0x10: [io  0xe000-0xe0ff]\n'
499,2020-05-24 10:43:44,shukrithis-ubuntu,kernel,' [    0.213448] pci 0000:02:00.0: reg 0x18: [mem 0xdf000000-0xdf000fff 64bit]\n'
500,2020-05-24 10:43:44,shukrithis-ubuntu,kernel,' [    0.213467] pci 0000:02:00.0: reg 0x20: [mem 0xd0000000-0xd0003fff 64bit pref]\n'
501,2020-05-24 10:43:44,shukrithis-ubuntu,kernel,' [    0.213584] pci 0000:02:00.0: supports D1 D2\n'
502,2020-05-24 10:43:44,shukrithis-ubuntu,kernel,' [    0.213586] pci 0000:02:00.0: PME# supported from D0 D1 D2 D3hot D3cold\n'
503,2020-05-24 10:43:44,shukrithis-ubuntu,kernel,' [    0.213786] pci 0000:00:1c.5: PCI bridge to [bus 02]\n'
504,2020-05-24 10:43:44,shukrithis-ubuntu,kernel,' [    0.213790] pci 0000:00:1c.5:   bridge window [io  0xe000-0xefff]\n'
505,2020-05-24 10:43:44,shukrithis-ubuntu,kernel,' [    0.213794] pci 0000:00:1c.5:   bridge window [mem 0xdf000000-0xdf0fffff]\n'
506,2020-05-24 10:43:44,shukrithis-ubuntu,kernel,' [    0.213799] pci 0000:00:1c.5:   bridge window [mem 0xd0000000-0xd00fffff 64bit pref]\n'
507,2020-05-24 10:43:44,shukrithis-ubuntu,kernel,' [    0.217018] ACPI: PCI Interrupt Link [LNKA] (IRQs 3 4 5 6 10 *11 12 14 15)\n'
508,2020-05-24 10:43:44,shukrithis-ubuntu,kernel,' [    0.217083] ACPI: PCI Interrupt Link [LNKB] (IRQs 3 4 5 6 *10 11 12 14 15)\n'
509,2020-05-24 10:43:44,shukrithis-ubuntu,kernel,' [    0.217148] ACPI: PCI Interrupt Link [LNKC] (IRQs 3 4 5 6 10 *11 12 14 15)\n'
510,2020-05-24 10:43:44,shukrithis-ubuntu,kernel,' [    0.217211] ACPI: PCI Interrupt Link [LNKD] (IRQs 3 4 5 6 10 *11 12 14 15)\n'
511,2020-05-24 10:43:44,shukrithis-ubuntu,kernel,' [    0.217273] ACPI: PCI Interrupt Link [LNKE] (IRQs 3 4 5 6 10 *11 12 14 15)\n'
512,2020-05-24 10:43:44,shukrithis-ubuntu,kernel,' [    0.217335] ACPI: PCI Interrupt Link [LNKF] (IRQs 3 4 5 6 10 *11 12 14 15)\n'
513,2020-05-24 10:43:44,shukrithis-ubuntu,kernel,' [    0.217396] ACPI: PCI Interrupt Link [LNKG] (IRQs 3 4 5 6 10 *11 12 14 15)\n'
514,2020-05-24 10:43:44,shukrithis-ubuntu,kernel,' [    0.217458] ACPI: PCI Interrupt Link [LNKH] (IRQs 3 4 5 6 10 *11 12 14 15)\n'
515,2020-05-24 10:43:44,shukrithis-ubuntu,kernel,' [    0.219502] ACPI: EC: interrupt unblocked\n'
516,2020-05-24 10:43:44,shukrithis-ubuntu,kernel,' [    0.219524] ACPI: EC: event unblocked\n'
517,2020-05-24 10:43:44,shukrithis-ubuntu,kernel,"' [    0.219536] ACPI: \\_SB_.PCI0.LPCB.ECDV: GPE=0x45, EC_CMD/EC_SC=0x934, EC_DATA=0x930\n'"
518,2020-05-24 10:43:44,shukrithis-ubuntu,kernel,' [    0.219539] ACPI: \\_SB_.PCI0.LPCB.ECDV: Boot DSDT EC used to handle transactions and events\n'
519,2020-05-24 10:43:44,shukrithis-ubuntu,kernel,' [    0.219665] SCSI subsystem initialized\n'
520,2020-05-24 10:43:44,shukrithis-ubuntu,kernel,' [    0.219665] libata version 3.00 loaded.\n'
521,2020-05-24 10:43:44,shukrithis-ubuntu,kernel,' [    0.219665] pci 0000:00:02.0: vgaarb: setting as boot VGA device\n'
522,2020-05-24 10:43:44,shukrithis-ubuntu,kernel,"' [    0.219665] pci 0000:00:02.0: vgaarb: VGA device added: decodes=io+mem,owns=io+mem,locks=none\n'"
523,2020-05-24 10:43:44,shukrithis-ubuntu,kernel,' [    0.219665] pci 0000:00:02.0: vgaarb: bridge control possible\n'
524,2020-05-24 10:43:44,shukrithis-ubuntu,kernel,' [    0.219665] vgaarb: loaded\n'
525,2020-05-24 10:43:44,shukrithis-ubuntu,kernel,' [    0.219665] ACPI: bus type USB registered\n'
526,2020-05-24 10:43:44,shukrithis-ubuntu,kernel,' [    0.219665] usbcore: registered new interface driver usbfs\n'
527,2020-05-24 10:43:44,shukrithis-ubuntu,kernel,' [    0.219665] usbcore: registered new interface driver hub\n'
528,2020-05-24 10:43:44,shukrithis-ubuntu,kernel,' [    0.219665] usbcore: registered new device driver usb\n'
529,2020-05-24 10:43:44,shukrithis-ubuntu,kernel,' [    0.219665] pps_core: LinuxPPS API ver. 1 registered\n'
530,2020-05-24 10:43:44,shukrithis-ubuntu,kernel,' [    0.219665] pps_core: Software ver. 5.3.6 - Copyright 2005-2007 Rodolfo Giometti <giometti@linux.it>\n'
531,2020-05-24 10:43:44,shukrithis-ubuntu,kernel,' [    0.219665] PTP clock support registered\n'
532,2020-05-24 10:43:44,shukrithis-ubuntu,kernel,' [    0.219665] EDAC MC: Ver: 3.0.0\n'
533,2020-05-24 10:43:44,shukrithis-ubuntu,kernel,' [    0.219665] Registered efivars operations\n'
534,2020-05-24 10:43:44,shukrithis-ubuntu,kernel,' [    0.219665] PCI: Using ACPI for IRQ routing\n'
535,2020-05-24 10:43:44,shukrithis-ubuntu,kernel,' [    0.246956] PCI: pci_cache_line_size set to 64 bytes\n'
536,2020-05-24 10:43:44,shukrithis-ubuntu,kernel,' [    0.247323] e820: reserve RAM buffer [mem 0x00058000-0x0005ffff]\n'
537,2020-05-24 10:43:44,shukrithis-ubuntu,kernel,' [    0.247324] e820: reserve RAM buffer [mem 0x0009d000-0x0009ffff]\n'
538,2020-05-24 10:43:44,shukrithis-ubuntu,kernel,' [    0.247325] e820: reserve RAM buffer [mem 0x78251018-0x7bffffff]\n'
539,2020-05-24 10:43:44,shukrithis-ubuntu,kernel,' [    0.247326] e820: reserve RAM buffer [mem 0x7825e018-0x7bffffff]\n'
540,2020-05-24 10:43:44,shukrithis-ubuntu,kernel,' [    0.247327] e820: reserve RAM buffer [mem 0x7a3d2000-0x7bffffff]\n'
541,2020-05-24 10:43:44,shukrithis-ubuntu,kernel,' [    0.247328] e820: reserve RAM buffer [mem 0x7a45f000-0x7bffffff]\n'
542,2020-05-24 10:43:44,shukrithis-ubuntu,kernel,' [    0.247329] e820: reserve RAM buffer [mem 0x852a9000-0x87ffffff]\n'
543,2020-05-24 10:43:44,shukrithis-ubuntu,kernel,' [    0.247330] e820: reserve RAM buffer [mem 0x86c26000-0x87ffffff]\n'
544,2020-05-24 10:43:44,shukrithis-ubuntu,kernel,' [    0.247331] e820: reserve RAM buffer [mem 0x87fff000-0x87ffffff]\n'
545,2020-05-24 10:43:44,shukrithis-ubuntu,kernel,' [    0.247332] e820: reserve RAM buffer [mem 0x273000000-0x273ffffff]\n'
546,2020-05-24 10:43:44,shukrithis-ubuntu,kernel,' [    0.249844] NetLabel: Initializing\n'
547,2020-05-24 10:43:44,shukrithis-ubuntu,kernel,' [    0.249844] NetLabel:  domain hash size = 128\n'
548,2020-05-24 10:43:44,shukrithis-ubuntu,kernel,' [    0.249844] NetLabel:  protocols = UNLABELED CIPSOv4 CALIPSO\n'
549,2020-05-24 10:43:44,shukrithis-ubuntu,kernel,' [    0.249844] NetLabel:  unlabeled traffic allowed by default\n'
550,2020-05-24 10:43:44,shukrithis-ubuntu,kernel,"' [    0.250407] hpet0: at MMIO 0xfed00000, IRQs 2, 8, 0, 0, 0, 0, 0, 0\n'"
551,2020-05-24 10:43:44,shukrithis-ubuntu,kernel,"' [    0.250412] hpet0: 8 comparators, 64-bit 24.000000 MHz counter\n'"
552,2020-05-24 10:43:44,shukrithis-ubuntu,kernel,' [    0.252452] clocksource: Switched to clocksource tsc-early\n'
553,2020-05-24 10:43:44,shukrithis-ubuntu,kernel,' [    0.259931] VFS: Disk quotas dquot_6.6.0\n'
554,2020-05-24 10:43:44,shukrithis-ubuntu,kernel,"' [    0.259947] VFS: Dquot-cache hash table entries: 512 (order 0, 4096 bytes)\n'"
555,2020-05-24 10:43:44,shukrithis-ubuntu,kernel,' [    0.259975] *** VALIDATE hugetlbfs ***\n'
556,2020-05-24 10:43:44,shukrithis-ubuntu,kernel,' [    0.260045] AppArmor: AppArmor Filesystem Enabled\n'
557,2020-05-24 10:43:44,shukrithis-ubuntu,kernel,' [    0.260072] pnp: PnP ACPI init\n'
558,2020-05-24 10:43:44,shukrithis-ubuntu,kernel,' [    0.260351] system 00:00: [io  0x0680-0x069f] has been reserved\n'
559,2020-05-24 10:43:44,shukrithis-ubuntu,kernel,' [    0.260355] system 00:00: [io  0xffff] has been reserved\n'
560,2020-05-24 10:43:44,shukrithis-ubuntu,kernel,' [    0.260357] system 00:00: [io  0xffff] has been reserved\n'
561,2020-05-24 10:43:44,shukrithis-ubuntu,kernel,' [    0.260359] system 00:00: [io  0xffff] has been reserved\n'
562,2020-05-24 10:43:44,shukrithis-ubuntu,kernel,' [    0.260361] system 00:00: [io  0x1800-0x18fe] has been reserved\n'
563,2020-05-24 10:43:44,shukrithis-ubuntu,kernel,' [    0.260363] system 00:00: [io  0x164e-0x164f] has been reserved\n'
564,2020-05-24 10:43:44,shukrithis-ubuntu,kernel,"' [    0.260368] system 00:00: Plug and Play ACPI device, IDs PNP0c02 (active)\n'"
565,2020-05-24 10:43:44,shukrithis-ubuntu,kernel,"' [    0.260466] pnp 00:01: Plug and Play ACPI device, IDs PNP0b00 (active)\n'"
566,2020-05-24 10:43:44,shukrithis-ubuntu,kernel,' [    0.260502] system 00:02: [io  0x1854-0x1857] has been reserved\n'
567,2020-05-24 10:43:44,shukrithis-ubuntu,kernel,"' [    0.260507] system 00:02: Plug and Play ACPI device, IDs INT3f0d PNP0c02 (active)\n'"
568,2020-05-24 10:43:44,shukrithis-ubuntu,kernel,"' [    0.260536] pnp 00:03: Plug and Play ACPI device, IDs PNP0303 (active)\n'"
569,2020-05-24 10:43:44,shukrithis-ubuntu,kernel,"' [    0.260550] pnp 00:04: Plug and Play ACPI device, IDs DLLb6b2 PNP0f13 (active)\n'"
570,2020-05-24 10:43:44,shukrithis-ubuntu,kernel,' [    0.260799] system 00:05: [mem 0xfed10000-0xfed17fff] has been reserved\n'
571,2020-05-24 10:43:44,shukrithis-ubuntu,kernel,' [    0.260802] system 00:05: [mem 0xfed18000-0xfed18fff] has been reserved\n'
572,2020-05-24 10:43:44,shukrithis-ubuntu,kernel,' [    0.260804] system 00:05: [mem 0xfed19000-0xfed19fff] has been reserved\n'
573,2020-05-24 10:43:44,shukrithis-ubuntu,kernel,' [    0.260806] system 00:05: [mem 0xe0000000-0xefffffff] has been reserved\n'
574,2020-05-24 10:43:44,shukrithis-ubuntu,kernel,' [    0.260808] system 00:05: [mem 0xfed20000-0xfed3ffff] has been reserved\n'
575,2020-05-24 10:43:44,shukrithis-ubuntu,kernel,' [    0.260811] system 00:05: [mem 0xfed90000-0xfed93fff] could not be reserved\n'
576,2020-05-24 10:43:44,shukrithis-ubuntu,kernel,' [    0.260813] system 00:05: [mem 0xfed45000-0xfed8ffff] has been reserved\n'
577,2020-05-24 10:43:44,shukrithis-ubuntu,kernel,' [    0.260816] system 00:05: [mem 0xff000000-0xffffffff] has been reserved\n'
578,2020-05-24 10:43:44,shukrithis-ubuntu,kernel,' [    0.260818] system 00:05: [mem 0xfee00000-0xfeefffff] could not be reserved\n'
579,2020-05-24 10:43:44,shukrithis-ubuntu,kernel,' [    0.260821] system 00:05: [mem 0xdffe0000-0xdfffffff] has been reserved\n'
580,2020-05-24 10:43:44,shukrithis-ubuntu,kernel,"' [    0.260825] system 00:05: Plug and Play ACPI device, IDs PNP0c02 (active)\n'"
581,2020-05-24 10:43:44,shukrithis-ubuntu,kernel,' [    0.260865] system 00:06: [mem 0xfd000000-0xfdabffff] has been reserved\n'
582,2020-05-24 10:43:44,shukrithis-ubuntu,kernel,' [    0.260868] system 00:06: [mem 0xfdad0000-0xfdadffff] has been reserved\n'
583,2020-05-24 10:43:44,shukrithis-ubuntu,kernel,' [    0.260870] system 00:06: [mem 0xfdb00000-0xfdffffff] has been reserved\n'
584,2020-05-24 10:43:44,shukrithis-ubuntu,kernel,' [    0.260873] system 00:06: [mem 0xfe000000-0xfe01ffff] could not be reserved\n'
585,2020-05-24 10:43:44,shukrithis-ubuntu,kernel,' [    0.260875] system 00:06: [mem 0xfe036000-0xfe03bfff] has been reserved\n'
586,2020-05-24 10:43:44,shukrithis-ubuntu,kernel,' [    0.260877] system 00:06: [mem 0xfe03d000-0xfe3fffff] has been reserved\n'
587,2020-05-24 10:43:44,shukrithis-ubuntu,kernel,' [    0.260880] system 00:06: [mem 0xfe410000-0xfe7fffff] has been reserved\n'
588,2020-05-24 10:43:44,shukrithis-ubuntu,kernel,"' [    0.260883] system 00:06: Plug and Play ACPI device, IDs PNP0c02 (active)\n'"
589,2020-05-24 10:43:44,shukrithis-ubuntu,kernel,' [    0.262139] system 00:07: [mem 0xfe029000-0xfe029fff] has been reserved\n'
590,2020-05-24 10:43:44,shukrithis-ubuntu,kernel,' [    0.262142] system 00:07: [mem 0xfe028000-0xfe028fff] has been reserved\n'
591,2020-05-24 10:43:44,shukrithis-ubuntu,kernel,"' [    0.262146] system 00:07: Plug and Play ACPI device, IDs PNP0c02 (active)\n'"
592,2020-05-24 10:43:44,shukrithis-ubuntu,kernel,' [    0.264447] pnp: PnP ACPI: found 8 devices\n'
593,2020-05-24 10:43:44,shukrithis-ubuntu,kernel,""" [    0.265561] thermal_sys: Registered thermal governor 'fair_share'\n"""
594,2020-05-24 10:43:44,shukrithis-ubuntu,kernel,""" [    0.265562] thermal_sys: Registered thermal governor 'bang_bang'\n"""
595,2020-05-24 10:43:44,shukrithis-ubuntu,kernel,""" [    0.265564] thermal_sys: Registered thermal governor 'step_wise'\n"""
596,2020-05-24 10:43:44,shukrithis-ubuntu,kernel,""" [    0.265566] thermal_sys: Registered thermal governor 'user_space'\n"""
597,2020-05-24 10:43:44,shukrithis-ubuntu,kernel,""" [    0.265568] thermal_sys: Registered thermal governor 'power_allocator'\n"""
598,2020-05-24 10:43:44,shukrithis-ubuntu,kernel,"' [    0.270063] clocksource: acpi_pm: mask: 0xffffff max_cycles: 0xffffff, max_idle_ns: 2085701024 ns\n'"
599,2020-05-24 10:43:44,shukrithis-ubuntu,kernel,' [    0.270097] pci 0000:00:1c.0: PCI bridge to [bus 01]\n'
600,2020-05-24 10:43:44,shukrithis-ubuntu,kernel,' [    0.270102] pci 0000:00:1c.0:   bridge window [mem 0xdf100000-0xdf1fffff]\n'
601,2020-05-24 10:43:44,shukrithis-ubuntu,kernel,' [    0.270110] pci 0000:00:1c.5: PCI bridge to [bus 02]\n'
602,2020-05-24 10:43:44,shukrithis-ubuntu,kernel,' [    0.270113] pci 0000:00:1c.5:   bridge window [io  0xe000-0xefff]\n'
603,2020-05-24 10:43:44,shukrithis-ubuntu,kernel,' [    0.270117] pci 0000:00:1c.5:   bridge window [mem 0xdf000000-0xdf0fffff]\n'
604,2020-05-24 10:43:44,shukrithis-ubuntu,kernel,' [    0.270121] pci 0000:00:1c.5:   bridge window [mem 0xd0000000-0xd00fffff 64bit pref]\n'
605,2020-05-24 10:43:44,shukrithis-ubuntu,kernel,' [    0.270127] pci_bus 0000:00: resource 4 [io  0x0000-0x0cf7 window]\n'
606,2020-05-24 10:43:44,shukrithis-ubuntu,kernel,' [    0.270129] pci_bus 0000:00: resource 5 [io  0x0d00-0xffff window]\n'
607,2020-05-24 10:43:44,shukrithis-ubuntu,kernel,' [    0.270131] pci_bus 0000:00: resource 6 [mem 0x000a0000-0x000bffff window]\n'
608,2020-05-24 10:43:44,shukrithis-ubuntu,kernel,' [    0.270133] pci_bus 0000:00: resource 7 [mem 0x000c0000-0x000c3fff window]\n'
609,2020-05-24 10:43:44,shukrithis-ubuntu,kernel,' [    0.270135] pci_bus 0000:00: resource 8 [mem 0x000c4000-0x000c7fff window]\n'
610,2020-05-24 10:43:44,shukrithis-ubuntu,kernel,' [    0.270137] pci_bus 0000:00: resource 9 [mem 0x000c8000-0x000cbfff window]\n'
611,2020-05-24 10:43:44,shukrithis-ubuntu,kernel,' [    0.270140] pci_bus 0000:00: resource 10 [mem 0x000cc000-0x000cffff window]\n'
612,2020-05-24 10:43:44,shukrithis-ubuntu,kernel,' [    0.270142] pci_bus 0000:00: resource 11 [mem 0x000d0000-0x000d3fff window]\n'
613,2020-05-24 10:43:44,shukrithis-ubuntu,kernel,' [    0.270144] pci_bus 0000:00: resource 12 [mem 0x000d4000-0x000d7fff window]\n'
614,2020-05-24 10:43:44,shukrithis-ubuntu,kernel,' [    0.270146] pci_bus 0000:00: resource 13 [mem 0x000d8000-0x000dbfff window]\n'
615,2020-05-24 10:43:44,shukrithis-ubuntu,kernel,' [    0.270148] pci_bus 0000:00: resource 14 [mem 0x000dc000-0x000dffff window]\n'
616,2020-05-24 10:43:44,shukrithis-ubuntu,kernel,' [    0.270150] pci_bus 0000:00: resource 15 [mem 0x000e4000-0x000e7fff window]\n'
617,2020-05-24 10:43:44,shukrithis-ubuntu,kernel,' [    0.270153] pci_bus 0000:00: resource 16 [mem 0x000e8000-0x000ebfff window]\n'
618,2020-05-24 10:43:44,shukrithis-ubuntu,kernel,' [    0.270155] pci_bus 0000:00: resource 17 [mem 0x000ec000-0x000effff window]\n'
619,2020-05-24 10:43:44,shukrithis-ubuntu,kernel,' [    0.270157] pci_bus 0000:00: resource 18 [mem 0x8c000000-0xdfffffff window]\n'
620,2020-05-24 10:43:44,shukrithis-ubuntu,kernel,' [    0.270159] pci_bus 0000:00: resource 19 [mem 0xfd000000-0xfe7fffff window]\n'
621,2020-05-24 10:43:44,shukrithis-ubuntu,kernel,' [    0.270161] pci_bus 0000:01: resource 1 [mem 0xdf100000-0xdf1fffff]\n'
622,2020-05-24 10:43:44,shukrithis-ubuntu,kernel,' [    0.270164] pci_bus 0000:02: resource 0 [io  0xe000-0xefff]\n'
623,2020-05-24 10:43:44,shukrithis-ubuntu,kernel,' [    0.270165] pci_bus 0000:02: resource 1 [mem 0xdf000000-0xdf0fffff]\n'
624,2020-05-24 10:43:44,shukrithis-ubuntu,kernel,' [    0.270168] pci_bus 0000:02: resource 2 [mem 0xd0000000-0xd00fffff 64bit pref]\n'
625,2020-05-24 10:43:44,shukrithis-ubuntu,kernel,' [    0.270315] NET: Registered protocol family 2\n'
626,2020-05-24 10:43:44,shukrithis-ubuntu,kernel,"' [    0.270423] tcp_listen_portaddr_hash hash table entries: 4096 (order: 4, 65536 bytes, linear)\n'"
627,2020-05-24 10:43:44,shukrithis-ubuntu,kernel,"' [    0.270468] TCP established hash table entries: 65536 (order: 7, 524288 bytes, linear)\n'"
628,2020-05-24 10:43:44,shukrithis-ubuntu,kernel,"' [    0.270592] TCP bind hash table entries: 65536 (order: 8, 1048576 bytes, linear)\n'"
629,2020-05-24 10:43:44,shukrithis-ubuntu,kernel,' [    0.270668] TCP: Hash tables configured (established 65536 bind 65536)\n'
630,2020-05-24 10:43:44,shukrithis-ubuntu,kernel,"' [    0.270701] UDP hash table entries: 4096 (order: 5, 131072 bytes, linear)\n'"
631,2020-05-24 10:43:44,shukrithis-ubuntu,kernel,"' [    0.270723] UDP-Lite hash table entries: 4096 (order: 5, 131072 bytes, linear)\n'"
632,2020-05-24 10:43:44,shukrithis-ubuntu,kernel,' [    0.270797] NET: Registered protocol family 1\n'
633,2020-05-24 10:43:44,shukrithis-ubuntu,kernel,' [    0.270804] NET: Registered protocol family 44\n'
634,2020-05-24 10:43:44,shukrithis-ubuntu,kernel,' [    0.270815] pci 0000:00:02.0: Video device with shadowed ROM at [mem 0x000c0000-0x000dffff]\n'
635,2020-05-24 10:43:44,shukrithis-ubuntu,kernel,"' [    0.271903] PCI: CLS 0 bytes, default 64\n'"
636,2020-05-24 10:43:44,shukrithis-ubuntu,kernel,' [    0.271946] Trying to unpack rootfs image as initramfs...\n'
637,2020-05-24 10:43:44,shukrithis-ubuntu,kernel,' [    0.375031] Freeing initrd memory: 46772K\n'
638,2020-05-24 10:43:44,shukrithis-ubuntu,kernel,"' [    0.375067] DMAR: ACPI device ""device:64"" under DMAR at fed91000 as 00:15.0\n'"
639,2020-05-24 10:43:44,shukrithis-ubuntu,kernel,"' [    0.375072] DMAR: ACPI device ""device:65"" under DMAR at fed91000 as 00:15.1\n'"
640,2020-05-24 10:43:44,shukrithis-ubuntu,kernel,' [    0.385920] PCI-DMA: Using software bounce buffering for IO (SWIOTLB)\n'
641,2020-05-24 10:43:44,shukrithis-ubuntu,kernel,' [    0.385923] software IO TLB: mapped [mem 0x74250000-0x78250000] (64MB)\n'
642,2020-05-24 10:43:44,shukrithis-ubuntu,kernel,' [    0.386100] check: Scanning for low memory corruption every 60 seconds\n'
643,2020-05-24 10:43:44,shukrithis-ubuntu,kernel,' [    0.387978] Initialise system trusted keyrings\n'
644,2020-05-24 10:43:44,shukrithis-ubuntu,kernel,' [    0.387990] Key type blacklist registered\n'
645,2020-05-24 10:43:44,shukrithis-ubuntu,kernel,' [    0.388024] workingset: timestamp_bits=36 max_order=21 bucket_order=0\n'
646,2020-05-24 10:43:44,shukrithis-ubuntu,kernel,' [    0.389278] zbud: loaded\n'
647,2020-05-24 10:43:44,shukrithis-ubuntu,kernel,' [    0.389629] squashfs: version 4.0 (2009/01/31) Phillip Lougher\n'
648,2020-05-24 10:43:44,shukrithis-ubuntu,kernel,' [    0.389771] fuse: init (API version 7.31)\n'
649,2020-05-24 10:43:44,shukrithis-ubuntu,kernel,' [    0.389885] Platform Keyring initialized\n'
650,2020-05-24 10:43:44,shukrithis-ubuntu,kernel,' [    0.394139] Key type asymmetric registered\n'
651,2020-05-24 10:43:44,shukrithis-ubuntu,kernel,""" [    0.394142] Asymmetric key parser 'x509' registered\n"""
652,2020-05-24 10:43:44,shukrithis-ubuntu,kernel,' [    0.394150] Block layer SCSI generic (bsg) driver version 0.4 loaded (major 244)\n'
653,2020-05-24 10:43:44,shukrithis-ubuntu,kernel,' [    0.394181] io scheduler mq-deadline registered\n'
654,2020-05-24 10:43:44,shukrithis-ubuntu,kernel,' [    0.394708] shpchp: Standard Hot Plug PCI Controller Driver version: 0.4\n'
655,2020-05-24 10:43:44,shukrithis-ubuntu,kernel,' [    0.394762] efifb: probing for efifb\n'
656,2020-05-24 10:43:44,shukrithis-ubuntu,kernel,"' [    0.394782] efifb: framebuffer at 0xc0000000, using 4128k, total 4128k\n'"
657,2020-05-24 10:43:44,shukrithis-ubuntu,kernel,"' [    0.394784] efifb: mode is 1366x768x32, linelength=5504, pages=1\n'"
658,2020-05-24 10:43:44,shukrithis-ubuntu,kernel,' [    0.394786] efifb: scrolling: redraw\n'
659,2020-05-24 10:43:44,shukrithis-ubuntu,kernel,"' [    0.394788] efifb: Truecolor: size=8:8:8:8, shift=24:16:8:0\n'"
660,2020-05-24 10:43:44,shukrithis-ubuntu,kernel,' [    0.394858] Console: switching to colour frame buffer device 170x48\n'
661,2020-05-24 10:43:44,shukrithis-ubuntu,kernel,' [    0.396636] fb0: EFI VGA frame buffer device\n'
662,2020-05-24 10:43:44,shukrithis-ubuntu,kernel,' [    0.396654] intel_idle: MWAIT substates: 0x11142120\n'
663,2020-05-24 10:43:44,shukrithis-ubuntu,kernel,' [    0.396655] intel_idle: v0.4.1 model 0x4E\n'
664,2020-05-24 10:43:44,shukrithis-ubuntu,kernel,' [    0.396866] intel_idle: lapic_timer_reliable_states 0xffffffff\n'
665,2020-05-24 10:43:44,shukrithis-ubuntu,kernel,' [    0.397608] ACPI: AC Adapter [AC] (on-line)\n'
666,2020-05-24 10:43:44,shukrithis-ubuntu,kernel,' [    0.397689] input: Lid Switch as /devices/LNXSYSTM:00/LNXSYBUS:00/PNP0C0D:00/input/input0\n'
667,2020-05-24 10:43:44,shukrithis-ubuntu,kernel,' [    0.397721] ACPI: Lid Switch [LID0]\n'
668,2020-05-24 10:43:44,shukrithis-ubuntu,kernel,' [    0.397753] input: Power Button as /devices/LNXSYSTM:00/LNXSYBUS:00/PNP0C0C:00/input/input1\n'
669,2020-05-24 10:43:44,shukrithis-ubuntu,kernel,' [    0.397781] ACPI: Power Button [PBTN]\n'
670,2020-05-24 10:43:44,shukrithis-ubuntu,kernel,' [    0.397812] input: Sleep Button as /devices/LNXSYSTM:00/LNXSYBUS:00/PNP0C0E:00/input/input2\n'
671,2020-05-24 10:43:44,shukrithis-ubuntu,kernel,' [    0.397838] ACPI: Sleep Button [SBTN]\n'
672,2020-05-24 10:43:44,shukrithis-ubuntu,kernel,' [    0.397915] input: Power Button as /devices/LNXSYSTM:00/LNXPWRBN:00/input/input3\n'
673,2020-05-24 10:43:44,shukrithis-ubuntu,kernel,' [    0.397941] ACPI: Power Button [PWRF]\n'
674,2020-05-24 10:43:44,shukrithis-ubuntu,kernel,' [    0.400291] thermal LNXTHERM:00: registered as thermal_zone0\n'
675,2020-05-24 10:43:44,shukrithis-ubuntu,kernel,' [    0.400309] ACPI: Thermal Zone [THM] (25 C)\n'
676,2020-05-24 10:43:44,shukrithis-ubuntu,kernel,' [    0.400689] thermal LNXTHERM:01: registered as thermal_zone1\n'
677,2020-05-24 10:43:44,shukrithis-ubuntu,kernel,' [    0.400706] ACPI: Thermal Zone [TZ00] (28 C)\n'
678,2020-05-24 10:43:44,shukrithis-ubuntu,kernel,' [    0.400875] thermal LNXTHERM:02: registered as thermal_zone2\n'
679,2020-05-24 10:43:44,shukrithis-ubuntu,kernel,' [    0.400891] ACPI: Thermal Zone [TZ01] (30 C)\n'
680,2020-05-24 10:43:44,shukrithis-ubuntu,kernel,"' [    0.401067] Serial: 8250/16550 driver, 32 ports, IRQ sharing enabled\n'"
681,2020-05-24 10:43:44,shukrithis-ubuntu,kernel,' [    0.402788] Linux agpgart interface v0.103\n'
682,2020-05-24 10:43:44,shukrithis-ubuntu,kernel,' [    0.405858] tpm_crb MSFT0101:00: [Firmware Bug]: ACPI region does not cover the entire command/response buffer. [mem 0xfed40000-0xfed4087f flags 0x200] vs fed40080 f80\n'
683,2020-05-24 10:43:44,shukrithis-ubuntu,kernel,' [    0.405903] tpm_crb MSFT0101:00: [Firmware Bug]: ACPI region does not cover the entire command/response buffer. [mem 0xfed40000-0xfed4087f flags 0x200] vs fed40080 f80\n'
684,2020-05-24 10:43:44,shukrithis-ubuntu,kernel,' [    0.423919] battery: ACPI: Battery Slot [BAT0] (battery present)\n'
685,2020-05-24 10:43:44,shukrithis-ubuntu,kernel,' [    0.467806] loop: module loaded\n'
686,2020-05-24 10:43:44,shukrithis-ubuntu,kernel,' [    0.468007] libphy: Fixed MDIO Bus: probed\n'
687,2020-05-24 10:43:44,shukrithis-ubuntu,kernel,"' [    0.468702] tun: Universal TUN/TAP device driver, 1.6\n'"
688,2020-05-24 10:43:44,shukrithis-ubuntu,kernel,' [    0.469424] PPP generic driver version 2.4.2\n'
689,2020-05-24 10:43:44,shukrithis-ubuntu,kernel,""" [    0.470174] ehci_hcd: USB 2.0 'Enhanced' Host Controller (EHCI) Driver\n"""
690,2020-05-24 10:43:44,shukrithis-ubuntu,kernel,' [    0.470910] ehci-pci: EHCI PCI platform driver\n'
691,2020-05-24 10:43:44,shukrithis-ubuntu,kernel,' [    0.471681] ehci-platform: EHCI generic platform driver\n'
692,2020-05-24 10:43:44,shukrithis-ubuntu,kernel,""" [    0.472446] ohci_hcd: USB 1.1 'Open' Host Controller (OHCI) Driver\n"""
693,2020-05-24 10:43:44,shukrithis-ubuntu,kernel,' [    0.473202] ohci-pci: OHCI PCI platform driver\n'
694,2020-05-24 10:43:44,shukrithis-ubuntu,kernel,' [    0.473970] ohci-platform: OHCI generic platform driver\n'
695,2020-05-24 10:43:44,shukrithis-ubuntu,kernel,' [    0.474728] uhci_hcd: USB Universal Host Controller Interface driver\n'
696,2020-05-24 10:43:44,shukrithis-ubuntu,kernel,' [    0.475707] xhci_hcd 0000:00:14.0: xHCI Host Controller\n'
697,2020-05-24 10:43:44,shukrithis-ubuntu,kernel,"' [    0.476463] xhci_hcd 0000:00:14.0: new USB bus registered, assigned bus number 1\n'"
698,2020-05-24 10:43:44,shukrithis-ubuntu,kernel,' [    0.478292] xhci_hcd 0000:00:14.0: hcc params 0x200077c1 hci version 0x100 quirks 0x0000000081109810\n'
699,2020-05-24 10:43:44,shukrithis-ubuntu,kernel,' [    0.479154] xhci_hcd 0000:00:14.0: cache line size of 64 is not supported\n'
700,2020-05-24 10:43:44,shukrithis-ubuntu,kernel,"' [    0.480102] usb usb1: New USB device found, idVendor=1d6b, idProduct=0002, bcdDevice= 5.03\n'"
701,2020-05-24 10:43:44,shukrithis-ubuntu,kernel,"' [    0.480889] usb usb1: New USB device strings: Mfr=3, Product=2, SerialNumber=1\n'"
702,2020-05-24 10:43:44,shukrithis-ubuntu,kernel,' [    0.481669] usb usb1: Product: xHCI Host Controller\n'
703,2020-05-24 10:43:44,shukrithis-ubuntu,kernel,' [    0.482445] usb usb1: Manufacturer: Linux 5.3.0-53-generic xhci-hcd\n'
704,2020-05-24 10:43:44,shukrithis-ubuntu,kernel,' [    0.483220] usb usb1: SerialNumber: 0000:00:14.0\n'
705,2020-05-24 10:43:44,shukrithis-ubuntu,kernel,' [    0.484073] hub 1-0:1.0: USB hub found\n'
706,2020-05-24 10:43:44,shukrithis-ubuntu,kernel,' [    0.484850] hub 1-0:1.0: 12 ports detected\n'
707,2020-05-24 10:43:44,shukrithis-ubuntu,kernel,' [    0.486815] xhci_hcd 0000:00:14.0: xHCI Host Controller\n'
708,2020-05-24 10:43:44,shukrithis-ubuntu,kernel,"' [    0.487465] xhci_hcd 0000:00:14.0: new USB bus registered, assigned bus number 2\n'"
709,2020-05-24 10:43:44,shukrithis-ubuntu,kernel,' [    0.488112] xhci_hcd 0000:00:14.0: Host supports USB 3.0 SuperSpeed\n'
710,2020-05-24 10:43:44,shukrithis-ubuntu,kernel,"' [    0.488785] usb usb2: New USB device found, idVendor=1d6b, idProduct=0003, bcdDevice= 5.03\n'"
711,2020-05-24 10:43:44,shukrithis-ubuntu,kernel,"' [    0.489440] usb usb2: New USB device strings: Mfr=3, Product=2, SerialNumber=1\n'"
712,2020-05-24 10:43:44,shukrithis-ubuntu,kernel,' [    0.490101] usb usb2: Product: xHCI Host Controller\n'
713,2020-05-24 10:43:44,shukrithis-ubuntu,kernel,' [    0.490761] usb usb2: Manufacturer: Linux 5.3.0-53-generic xhci-hcd\n'
714,2020-05-24 10:43:44,shukrithis-ubuntu,kernel,' [    0.491388] usb usb2: SerialNumber: 0000:00:14.0\n'
715,2020-05-24 10:43:44,shukrithis-ubuntu,kernel,' [    0.492069] hub 2-0:1.0: USB hub found\n'
716,2020-05-24 10:43:44,shukrithis-ubuntu,kernel,' [    0.492682] hub 2-0:1.0: 6 ports detected\n'
717,2020-05-24 10:43:44,shukrithis-ubuntu,kernel,"' [    0.493920] i8042: PNP: PS/2 Controller [PNP0303:PS2K,PNP0f13:PS2M] at 0x60,0x64 irq 1,12\n'"
718,2020-05-24 10:43:44,shukrithis-ubuntu,kernel,' [    0.494868] i8042: Warning: Keylock active\n'
719,2020-05-24 10:43:44,shukrithis-ubuntu,kernel,"' [    0.496827] serio: i8042 KBD port at 0x60,0x64 irq 1\n'"
720,2020-05-24 10:43:44,shukrithis-ubuntu,kernel,"' [    0.497419] serio: i8042 AUX port at 0x60,0x64 irq 12\n'"
721,2020-05-24 10:43:44,shukrithis-ubuntu,kernel,' [    0.498113] mousedev: PS/2 mouse device common for all mice\n'
722,2020-05-24 10:43:44,shukrithis-ubuntu,kernel,' [    0.498821] rtc_cmos 00:01: RTC can wake from S4\n'
723,2020-05-24 10:43:44,shukrithis-ubuntu,kernel,' [    0.500206] rtc_cmos 00:01: registered as rtc0\n'
724,2020-05-24 10:43:44,shukrithis-ubuntu,kernel,"' [    0.500836] rtc_cmos 00:01: alarms up to one month, y3k, 242 bytes nvram, hpet irqs\n'"
725,2020-05-24 10:43:44,shukrithis-ubuntu,kernel,' [    0.501472] input: AT Translated Set 2 keyboard as /devices/platform/i8042/serio0/input/input4\n'
726,2020-05-24 10:43:44,shukrithis-ubuntu,kernel,' [    0.501897] i2c /dev entries driver\n'
727,2020-05-24 10:43:44,shukrithis-ubuntu,kernel,' [    0.502751] device-mapper: uevent: version 1.0.3\n'
728,2020-05-24 10:43:44,shukrithis-ubuntu,kernel,' [    0.503445] device-mapper: ioctl: 4.40.0-ioctl (2019-01-18) initialised: dm-devel@redhat.com\n'
729,2020-05-24 10:43:44,shukrithis-ubuntu,kernel,' [    0.504077] platform eisa.0: Probing EISA bus 0\n'
730,2020-05-24 10:43:44,shukrithis-ubuntu,kernel,' [    0.504687] platform eisa.0: EISA: Cannot allocate resource for mainboard\n'
731,2020-05-24 10:43:44,shukrithis-ubuntu,kernel,' [    0.505268] platform eisa.0: Cannot allocate resource for EISA slot 1\n'
732,2020-05-24 10:43:44,shukrithis-ubuntu,kernel,' [    0.505912] platform eisa.0: Cannot allocate resource for EISA slot 2\n'
733,2020-05-24 10:43:44,shukrithis-ubuntu,kernel,' [    0.506459] platform eisa.0: Cannot allocate resource for EISA slot 3\n'
734,2020-05-24 10:43:44,shukrithis-ubuntu,kernel,' [    0.507001] platform eisa.0: Cannot allocate resource for EISA slot 4\n'
735,2020-05-24 10:43:44,shukrithis-ubuntu,kernel,' [    0.507534] platform eisa.0: Cannot allocate resource for EISA slot 5\n'
736,2020-05-24 10:43:44,shukrithis-ubuntu,kernel,' [    0.508060] platform eisa.0: Cannot allocate resource for EISA slot 6\n'
737,2020-05-24 10:43:44,shukrithis-ubuntu,kernel,' [    0.508574] platform eisa.0: Cannot allocate resource for EISA slot 7\n'
738,2020-05-24 10:43:44,shukrithis-ubuntu,kernel,' [    0.509077] platform eisa.0: Cannot allocate resource for EISA slot 8\n'
739,2020-05-24 10:43:44,shukrithis-ubuntu,kernel,' [    0.509579] platform eisa.0: EISA: Detected 0 cards\n'
740,2020-05-24 10:43:44,shukrithis-ubuntu,kernel,' [    0.510109] intel_pstate: Intel P-state driver initializing\n'
741,2020-05-24 10:43:44,shukrithis-ubuntu,kernel,' [    0.510896] intel_pstate: HWP enabled\n'
742,2020-05-24 10:43:44,shukrithis-ubuntu,kernel,' [    0.511452] ledtrig-cpu: registered to indicate activity on CPUs\n'
743,2020-05-24 10:43:44,shukrithis-ubuntu,kernel,' [    0.511969] EFI Variables Facility v0.08 2004-May-17\n'
744,2020-05-24 10:43:44,shukrithis-ubuntu,kernel,' [    0.519616] intel_pmc_core INT33A1:00:  initialized\n'
745,2020-05-24 10:43:44,shukrithis-ubuntu,kernel,' [    0.520341] NET: Registered protocol family 10\n'
746,2020-05-24 10:43:44,shukrithis-ubuntu,kernel,' [    0.528981] Segment Routing with IPv6\n'
747,2020-05-24 10:43:44,shukrithis-ubuntu,kernel,' [    0.529510] NET: Registered protocol family 17\n'
748,2020-05-24 10:43:44,shukrithis-ubuntu,kernel,' [    0.530119] Key type dns_resolver registered\n'
749,2020-05-24 10:43:44,shukrithis-ubuntu,kernel,' [    0.531009] RAS: Correctable Errors collector initialized.\n'
750,2020-05-24 10:43:44,shukrithis-ubuntu,kernel,"' [    0.531523] microcode: sig=0x406e3, pf=0x80, revision=0xd6\n'"
751,2020-05-24 10:43:44,shukrithis-ubuntu,kernel,' [    0.532059] microcode: Microcode Update Driver: v2.2.\n'
752,2020-05-24 10:43:44,shukrithis-ubuntu,kernel,"' [    0.532071] sched_clock: Marking stable (531399463, 655487)->(536893839, -4838889)\n'"
753,2020-05-24 10:43:44,shukrithis-ubuntu,kernel,' [    0.533161] registered taskstats version 1\n'
754,2020-05-24 10:43:44,shukrithis-ubuntu,kernel,' [    0.533644] Loading compiled-in X.509 certificates\n'
755,2020-05-24 10:43:44,shukrithis-ubuntu,kernel,""" [    0.536052] Loaded X.509 cert 'Build time autogenerated kernel key: 0f7456f411f9d468c33f34c466b2a2f36ba6a894'\n"""
756,2020-05-24 10:43:44,shukrithis-ubuntu,kernel,' [    0.536582] zswap: loaded using pool lzo/zbud\n'
757,2020-05-24 10:43:44,shukrithis-ubuntu,kernel,' [    0.544508] Key type big_key registered\n'
758,2020-05-24 10:43:44,shukrithis-ubuntu,kernel,' [    0.545037] Key type trusted registered\n'
759,2020-05-24 10:43:44,shukrithis-ubuntu,kernel,' [    0.549079] Key type encrypted registered\n'
760,2020-05-24 10:43:44,shukrithis-ubuntu,kernel,' [    0.549579] AppArmor: AppArmor sha1 policy hashing enabled\n'
761,2020-05-24 10:43:44,shukrithis-ubuntu,kernel,' [    0.550402] integrity: Loading X.509 certificate: UEFI:db\n'
762,2020-05-24 10:43:44,shukrithis-ubuntu,kernel,""" [    0.550926] integrity: Loaded X.509 cert 'Microsoft Windows Production PCA 2011: a92902398e16c49778cd90f99e4f9ae17c55af53'\n"""
763,2020-05-24 10:43:44,shukrithis-ubuntu,kernel,' [    0.551426] integrity: Loading X.509 certificate: UEFI:db\n'
764,2020-05-24 10:43:44,shukrithis-ubuntu,kernel,""" [    0.551949] integrity: Loaded X.509 cert 'Microsoft Corporation UEFI CA 2011: 13adbf4309bd82709c8cd54f316ed522988a1bd4'\n"""
765,2020-05-24 10:43:44,shukrithis-ubuntu,kernel,' [    0.552957] ima: Allocated hash algorithm: sha1\n'
766,2020-05-24 10:43:44,shukrithis-ubuntu,kernel,' [    0.729944] No architecture policies found\n'
767,2020-05-24 10:43:44,shukrithis-ubuntu,kernel,' [    0.730485] evm: Initialising EVM extended attributes:\n'
768,2020-05-24 10:43:44,shukrithis-ubuntu,kernel,' [    0.731002] evm: security.selinux\n'
769,2020-05-24 10:43:44,shukrithis-ubuntu,kernel,' [    0.731516] evm: security.SMACK64\n'
770,2020-05-24 10:43:44,shukrithis-ubuntu,kernel,' [    0.732020] evm: security.SMACK64EXEC\n'
771,2020-05-24 10:43:44,shukrithis-ubuntu,kernel,' [    0.732519] evm: security.SMACK64TRANSMUTE\n'
772,2020-05-24 10:43:44,shukrithis-ubuntu,kernel,' [    0.733017] evm: security.SMACK64MMAP\n'
773,2020-05-24 10:43:44,shukrithis-ubuntu,kernel,' [    0.733499] evm: security.apparmor\n'
774,2020-05-24 10:43:44,shukrithis-ubuntu,kernel,' [    0.734000] evm: security.ima\n'
775,2020-05-24 10:43:44,shukrithis-ubuntu,kernel,' [    0.734461] evm: security.capability\n'
776,2020-05-24 10:43:44,shukrithis-ubuntu,kernel,' [    0.734906] evm: HMAC attrs: 0x1\n'
777,2020-05-24 10:43:44,shukrithis-ubuntu,kernel,' [    0.736285] PM:   Magic number: 4:493:214\n'
778,2020-05-24 10:43:44,shukrithis-ubuntu,kernel,' [    0.736759] acpi device:65: hash matches\n'
779,2020-05-24 10:43:44,shukrithis-ubuntu,kernel,' [    0.737341] rtc_cmos 00:01: setting system clock to 2020-05-24T05:13:01 UTC (1590297181)\n'
780,2020-05-24 10:43:44,shukrithis-ubuntu,kernel,' [    0.738946] Freeing unused decrypted memory: 2040K\n'
781,2020-05-24 10:43:44,shukrithis-ubuntu,kernel,' [    0.739823] Freeing unused kernel image memory: 2676K\n'
782,2020-05-24 10:43:44,shukrithis-ubuntu,kernel,' [    0.740352] Write protecting the kernel read-only data: 22528k\n'
783,2020-05-24 10:43:44,shukrithis-ubuntu,kernel,' [    0.741383] Freeing unused kernel image memory: 2008K\n'
784,2020-05-24 10:43:44,shukrithis-ubuntu,kernel,' [    0.742151] Freeing unused kernel image memory: 1416K\n'
785,2020-05-24 10:43:44,shukrithis-ubuntu,kernel,"' [    0.751359] x86/mm: Checked W+X mappings: passed, no W+X pages found.\n'"
786,2020-05-24 10:43:44,shukrithis-ubuntu,kernel,' [    0.751911] x86/mm: Checking user space page tables\n'
787,2020-05-24 10:43:44,shukrithis-ubuntu,kernel,"' [    0.760748] x86/mm: Checked W+X mappings: passed, no W+X pages found.\n'"
788,2020-05-24 10:43:44,shukrithis-ubuntu,kernel,' [    0.761257] Run /init as init process\n'
789,2020-05-24 10:43:44,shukrithis-ubuntu,kernel,' [    0.825877] usb 1-1: new low-speed USB device number 2 using xhci_hcd\n'
790,2020-05-24 10:43:44,shukrithis-ubuntu,kernel,' [    0.879394] wmi_bus wmi_bus-PNP0C14:00: WQBC data block query control method not found\n'
791,2020-05-24 10:43:44,shukrithis-ubuntu,kernel,' [    0.880905] hidraw: raw HID events driver (C) Jiri Kosina\n'
792,2020-05-24 10:43:44,shukrithis-ubuntu,kernel,' [    0.884549] ahci 0000:00:17.0: version 3.0\n'
793,2020-05-24 10:43:44,shukrithis-ubuntu,kernel,"' [    0.884802] ahci 0000:00:17.0: SSS flag set, parallel bus scan disabled\n'"
794,2020-05-24 10:43:44,shukrithis-ubuntu,kernel,""" [    0.885647] r8169 0000:02:00.0: can't disable ASPM; OS doesn't have ASPM control\n"""
795,2020-05-24 10:43:44,shukrithis-ubuntu,kernel,' [    0.886354] r8169 0000:02:00.0: enabling device (0000 -> 0003)\n'
796,2020-05-24 10:43:44,shukrithis-ubuntu,kernel,' [    0.888354] i801_smbus 0000:00:1f.4: SPD Write Disable is set\n'
797,2020-05-24 10:43:44,shukrithis-ubuntu,kernel,' [    0.889153] i801_smbus 0000:00:1f.4: SMBus using PCI interrupt\n'
798,2020-05-24 10:43:44,shukrithis-ubuntu,kernel,' [    0.890308] libphy: r8169: probed\n'
799,2020-05-24 10:43:44,shukrithis-ubuntu,kernel,"' [    0.891842] r8169 0000:02:00.0 eth0: RTL8106e, f8:ca:b8:61:ae:53, XID 449, IRQ 126\n'"
800,2020-05-24 10:43:44,shukrithis-ubuntu,kernel,' [    0.897935] intel-lpss 0000:00:15.0: enabling device (0000 -> 0002)\n'
801,2020-05-24 10:43:44,shukrithis-ubuntu,kernel,' [    0.899591] ahci 0000:00:17.0: AHCI 0001.0301 32 slots 2 ports 6 Gbps 0x3 impl SATA mode\n'
802,2020-05-24 10:43:44,shukrithis-ubuntu,kernel,' [    0.900883] ahci 0000:00:17.0: flags: 64bit ncq stag pm led clo only pio slum part deso sadm sds apst \n'
803,2020-05-24 10:43:44,shukrithis-ubuntu,kernel,' [    0.905917] scsi host0: ahci\n'
804,2020-05-24 10:43:44,shukrithis-ubuntu,kernel,' [    0.907836] scsi host1: ahci\n'
805,2020-05-24 10:43:44,shukrithis-ubuntu,kernel,' [    0.909008] ata1: SATA max UDMA/133 abar m2048@0xdf22b000 port 0xdf22b100 irq 125\n'
806,2020-05-24 10:43:44,shukrithis-ubuntu,kernel,' [    0.910145] ata2: SATA max UDMA/133 abar m2048@0xdf22b000 port 0xdf22b180 irq 125\n'
807,2020-05-24 10:43:44,shukrithis-ubuntu,kernel,' [    0.914865] r8169 0000:02:00.0 enp2s0: renamed from eth0\n'
808,2020-05-24 10:43:44,shukrithis-ubuntu,kernel,"' [    0.931708] i2c_hid i2c-DLLC6B2:00: i2c-DLLC6B2:00 supply vdd not found, using dummy regulator\n'"
809,2020-05-24 10:43:44,shukrithis-ubuntu,kernel,"' [    0.932289] i2c_hid i2c-DLLC6B2:00: i2c-DLLC6B2:00 supply vddl not found, using dummy regulator\n'"
810,2020-05-24 10:43:44,shukrithis-ubuntu,kernel,"' [    0.977784] usb 1-1: New USB device found, idVendor=10c4, idProduct=8108, bcdDevice= 0.00\n'"
811,2020-05-24 10:43:44,shukrithis-ubuntu,kernel,' [    0.977900] intel-lpss 0000:00:15.1: enabling device (0000 -> 0002)\n'
812,2020-05-24 10:43:44,shukrithis-ubuntu,kernel,"' [    0.978453] usb 1-1: New USB device strings: Mfr=1, Product=2, SerialNumber=0\n'"
813,2020-05-24 10:43:44,shukrithis-ubuntu,kernel,' [    0.979607] usb 1-1: Product: USB OPTICAL MOUSE\n'
814,2020-05-24 10:43:44,shukrithis-ubuntu,kernel,' [    0.980145] usb 1-1: Manufacturer: YSPRINGTECH\n'
815,2020-05-24 10:43:44,shukrithis-ubuntu,kernel,' [    1.105948] usb 1-6: new high-speed USB device number 3 using xhci_hcd\n'
816,2020-05-24 10:43:44,shukrithis-ubuntu,kernel,"' [    1.126573] usb 1-6: New USB device found, idVendor=0bda, idProduct=0129, bcdDevice=39.60\n'"
817,2020-05-24 10:43:44,shukrithis-ubuntu,kernel,"' [    1.127129] usb 1-6: New USB device strings: Mfr=1, Product=2, SerialNumber=3\n'"
818,2020-05-24 10:43:44,shukrithis-ubuntu,kernel,' [    1.127685] usb 1-6: Product: USB2.0-CRW\n'
